[15:14:07] ========================================================
[15:14:07] FreezeHost AFK 修复版 v2.9 - 实例 #0
[15:14:07] Token: NDIxODYxND...7Fit0
[15:14:07] 代理顺序: ['direct', 'warp'] TRY_SOLVE=False RUSH_AFK_ON_FAIL=True UC_CDP=False
[15:14:07] ========================================================
[15:14:07] 启动浏览器…（代理: 直连，实例 1/8）
[15:14:20] 打开 FreezeHost…
[15:14:37] 已确认服务条款
[15:14:39] 注入 Token…
[15:14:39] 刷新页面等待 OAuth 回调…
[15:14:48] 当前地址: https://free.freezehost.pro/dashboard
[15:14:48] 登录 OK！
[15:14:48] 
[15:14:48] === Session #1（浏览器实例 1）===
[15:14:48] 加载 /earn…
[15:15:10] 反广告拦截绕过已注入
[15:15:10]   [页面状态 earn加载后] {"url":"https://free.freezehost.pro/earn","title":"AFK Coins - FreezeHost","text":"FreezeHost CLOUD INFRASTRUCTURE @shuijing1802 DEFAULT 817 COINS Dashboard Manage your account and resources securely. Upgrade to Premium High performance hardware, 99.9% uptime, no hibernating, and no renewal starting at $0.75/GB. Upgrade Now CPU ALLOCATION 0% OF 200% TOTAL 0% MEMORY USAGE 0MB OF 2048MB TOTAL 0% STORAGE 0MB OF 10240MB TOTAL 0% DATABASES 0 OF 0 TOTAL 0% ACTIVE SERVERS 0 OF 1 TOTAL 0% AVAILABLE BALANCE 817 GLOBAL CURRENCY ADVERTISEMENT Discover more Discord server hosting Discord bot development Discord integration services Rate Us AFK Earn KEEP THIS PAGE OPEN TO EARN FREE COINS AUTOMATICALLY Active Session VERIFY YOU ARE HUMAN TO START EARNING COINS HOLD TO START MAX SESSION: 20 MINUTES 1 COIN ADDED EVERY 60 SECONDS NEXT COIN IN 60SEC SESSION REMAINING 20:00MIN SESSION EARNED 0 DAILY RESET IN 08h 44m 50s DAILY LIMIT 0 / 1440 COINS (0%) Premium Game Server Hosting Our host","iframes":["https://googleads.g.doubleclick.net/pagead/ads?gdpr=0&client=ca-pub-4580579291403697&output=html&h=280&slotname=57562123","https://googleads.g.doubleclick.net/pagead/ads?client=ca-pub-4580579291403697&output=html&adk=1812271804&adf=3025194257&","googlefcPresent","about:blank","about:blank","about:blank","https://www.google.com/recaptcha/api2/aframe","https://googleads.g.doubleclick.net/pagead/html/r20261006/r20190131/zrt_lookup_fy2021.html","https://googleads.g.doubleclick.net/pagead/ads?gdpr=0&client=ca-pub-4580579291403697&output=html&h=973&hl=en-US&adk=2936"],"start_afk":false,"login_btn":false,"cf":true,"adb":true,"adb_active":false,"adb_flag":false,"ws":-1,"buttons":["?|#mobile-menu-toggle|.lg:hidden w-11 h-11 flex items-center ju","Rate Us|#permanent-rate-button|.fixed bottom-6 right-6 xl:right-[calc((1","Write a Review|#|.group w-full bg-blue-600 hover:bg-blue-7","Maybe Later|#|.w-full bg-gray-800/30 hover:bg-gray-800/","No Thanks|#|.w-full bg-transparent hover:bg-red-500/5","HOLD TO START|#afk-action-trigger|.relative overflow-hidden bg-blue-600 hov","Check Again & Unlock Site|#fh-adblock-check-btn|.w-full bg-gradient-to-r from-red-600 to-","Reload Page|#|.w-full bg-white/5 ho
[15:15:10] 无内联 Turnstile 挑战覆盖
[15:15:10] 启动前面板: {"hold":"HOLD TO START","ws":-1,"run":false,"verify":true,"earned":"0","next":"60","left":"20:00"}
[15:15:10] 按钮中心 (468, 486) | 命中元素: P 'Take action to continue a' | 目标正确: False
[15:15:10] 警告：命中元素不是 HOLD 按钮，可能有元素遮挡！
[15:15:10]   [按住中开始] 按钮文案: 'HOLD TO START'
[15:15:11]   [按住中2/3] 按钮文案: 'HOLD TO START'
[15:15:12]   [按住中3/3] 按钮文案: 'HOLD TO START'
[15:15:13]   [按住中4/3] 按钮文案: 'HOLD TO START'
[15:15:13] CDP 触控长按完成 3.0s
[15:15:25] 第一次按住后面板: {"hold":"HOLD TO START","ws":-1,"run":false,"verify":true,"earned":"0","next":"60","left":"20:00"}
[15:15:25] 按住后可能出现验证模态，检查并处理…
[15:15:25]   [页面状态 按住后] {"url":"https://free.freezehost.pro/earn","title":"AFK Coins - FreezeHost","text":"FreezeHost CLOUD INFRASTRUCTURE @shuijing1802 DEFAULT 817 COINS Dashboard Manage your account and resources securely. Upgrade to Premium High performance hardware, 99.9% uptime, no hibernating, and no renewal starting at $0.75/GB. Upgrade Now CPU ALLOCATION 0% OF 200% TOTAL 0% MEMORY USAGE 0MB OF 2048MB TOTAL 0% STORAGE 0MB OF 10240MB TOTAL 0% DATABASES 0 OF 0 TOTAL 0% ACTIVE SERVERS 0 OF 1 TOTAL 0% AVAILABLE BALANCE 817 GLOBAL CURRENCY ADVERTISEMENT Discover more Discord server hosting Discord bot development Discord integration services Rate Us AFK Earn KEEP THIS PAGE OPEN TO EARN FREE COINS AUTOMATICALLY Active Session VERIFY YOU ARE HUMAN TO START EARNING COINS HOLD TO START MAX SESSION: 20 MINUTES 1 COIN ADDED EVERY 60 SECONDS NEXT COIN IN 60SEC SESSION REMAINING 20:00MIN SESSION EARNED 0 DAILY RESET IN 08h 44m 35s DAILY LIMIT 0 / 1440 COINS (0%) Premium Game Server Hosting Our host","iframes":["https://googleads.g.doubleclick.net/pagead/ads?gdpr=0&client=ca-pub-4580579291403697&output=html&h=280&slotname=57562123","https://googleads.g.doubleclick.net/pagead/ads?client=ca-pub-4580579291403697&output=html&adk=1812271804&adf=3025194257&","googlefcPresent","about:blank","about:blank","about:blank","https://www.google.com/recaptcha/api2/aframe","https://googleads.g.doubleclick.net/pagead/html/r20261006/r20190131/zrt_lookup_fy2021.html","https://googleads.g.doubleclick.net/pagead/ads?gdpr=0&client=ca-pub-4580579291403697&output=html&h=973&hl=en-US&adk=2936"],"start_afk":false,"login_btn":false,"cf":true,"adb":true,"adb_active":false,"adb_flag":false,"ws":-1,"buttons":["?|#mobile-menu-toggle|.lg:hidden w-11 h-11 flex items-center ju","Rate Us|#permanent-rate-button|.fixed bottom-6 right-6 xl:right-[calc((1","Write a Review|#|.group w-full bg-blue-600 hover:bg-blue-7","Maybe Later|#|.w-full bg-gray-800/30 hover:bg-gray-800/","No Thanks|#|.w-full bg-transparent hover:bg-red-500/5","HOLD TO START|#afk-action-trigger|.relative overflow-hidden bg-blue-600 hov","Check Again & Unlock Site|#fh-adblock-check-btn|.w-full bg-gradient-to-r from-red-600 to-","Reload Page|#|.w-full bg-white/5 ho
[15:15:25]   模态状态: {"verify_modal":false,"cf_iframe":false,"rc_iframe":true,"cf_resp":"","rc_resp":"","modal_btns":[],"modal_head":""}
[15:15:25] 点击 reCAPTCHA 复选框…
[15:15:31]   模态状态: {"verify_modal":false,"cf_iframe":false,"rc_iframe":true,"cf_resp":"","rc_resp":"","modal_btns":[],"modal_head":""}
[15:15:31] 点击 reCAPTCHA 复选框…
[15:15:36]   模态状态: {"verify_modal":false,"cf_iframe":false,"rc_iframe":true,"cf_resp":"","rc_resp":"","modal_btns":[],"modal_head":""}
[15:15:36] 点击 reCAPTCHA 复选框…
[15:15:42]   模态状态: {"verify_modal":false,"cf_iframe":false,"rc_iframe":true,"cf_resp":"","rc_resp":"","modal_btns":[],"modal_head":""}
[15:15:42] 点击 reCAPTCHA 复选框…
[15:15:47]   模态状态: {"verify_modal":false,"cf_iframe":false,"rc_iframe":true,"cf_resp":"","rc_resp":"","modal_btns":[],"modal_head":""}
[15:15:47] 点击 reCAPTCHA 复选框…
[15:15:52]   模态状态: {"verify_modal":false,"cf_iframe":false,"rc_iframe":true,"cf_resp":"","rc_resp":"","modal_btns":[],"modal_head":""}
[15:15:52] 点击 reCAPTCHA 复选框…
[15:15:58] 模态处理超时
[15:16:06] 模态处理后面板: {"hold":"HOLD TO START","ws":-1,"run":false,"verify":true,"earned":"0","next":"60","left":"20:00"}
[15:16:06] 未激活，长按重试 6s…
[15:16:06] 按钮中心 (468, 486) | 命中元素: P 'Take action to continue a' | 目标正确: False
[15:16:06] 警告：命中元素不是 HOLD 按钮，可能有元素遮挡！
[15:16:06]   [按住中开始] 按钮文案: 'HOLD TO START'
[15:16:07]   [按住中2/6] 按钮文案: 'HOLD TO START'
[15:16:08]   [按住中3/6] 按钮文案: 'HOLD TO START'
[15:16:09]   [按住中4/6] 按钮文案: 'HOLD TO START'
[15:16:10]   [按住中5/6] 按钮文案: 'HOLD TO START'
[15:16:11]   [按住中6/6] 按钮文案: 'HOLD TO START'
[15:16:12]   [按住中7/6] 按钮文案: 'HOLD TO START'
[15:16:12] CDP 触控长按完成 6.0s
[15:16:28] 重试按住后面板: {"hold":"HOLD TO START","ws":-1,"run":false,"verify":true,"earned":"0","next":"60","left":"20:00"}
[15:16:28] 长按均未激活，尝试普通单击…
[15:16:40] 单击后面板: {"hold":"HOLD TO START","ws":-1,"run":false,"verify":true,"earned":"0","next":"60","left":"20:00"}
[15:16:40] HOLD TO START 未能激活会话，本 session 判失败
[15:16:40]   [页面状态 启动失败时] {"url":"https://free.freezehost.pro/earn","title":"AFK Coins - FreezeHost","text":"FreezeHost CLOUD INFRASTRUCTURE @shuijing1802 DEFAULT 817 COINS Dashboard Manage your account and resources securely. Upgrade to Premium High performance hardware, 99.9% uptime, no hibernating, and no renewal starting at $0.75/GB. Upgrade Now CPU ALLOCATION 0% OF 200% TOTAL 0% MEMORY USAGE 0MB OF 2048MB TOTAL 0% STORAGE 0MB OF 10240MB TOTAL 0% DATABASES 0 OF 0 TOTAL 0% ACTIVE SERVERS 0 OF 1 TOTAL 0% AVAILABLE BALANCE 817 GLOBAL CURRENCY ADVERTISEMENT Discover more Discord server hosting Discord bot development Discord integration services Rate Us AFK Earn KEEP THIS PAGE OPEN TO EARN FREE COINS AUTOMATICALLY Active Session VERIFY YOU ARE HUMAN TO START EARNING COINS HOLD TO START MAX SESSION: 20 MINUTES 1 COIN ADDED EVERY 60 SECONDS NEXT COIN IN 60SEC SESSION REMAINING 20:00MIN SESSION EARNED 0 DAILY RESET IN 08h 43m 19s DAILY LIMIT 0 / 1440 COINS (0%) Premium Game Server Hosting Our host","iframes":["https://googleads.g.doubleclick.net/pagead/ads?gdpr=0&client=ca-pub-4580579291403697&output=html&h=280&slotname=57562123","https://googleads.g.doubleclick.net/pagead/ads?client=ca-pub-4580579291403697&output=html&adk=1812271804&adf=3025194257&","googlefcPresent","about:blank","about:blank","about:blank","https://www.google.com/recaptcha/api2/aframe","https://googleads.g.doubleclick.net/pagead/html/r20261006/r20190131/zrt_lookup_fy2021.html","https://googleads.g.doubleclick.net/pagead/ads?gdpr=0&client=ca-pub-4580579291403697&output=html&h=973&hl=en-US&adk=2936"],"start_afk":false,"login_btn":false,"cf":true,"adb":true,"adb_active":false,"adb_flag":false,"ws":-1,"buttons":["?|#mobile-menu-toggle|.lg:hidden w-11 h-11 flex items-center ju","Rate Us|#permanent-rate-button|.fixed bottom-6 right-6 xl:right-[calc((1","Write a Review|#|.group w-full bg-blue-600 hover:bg-blue-7","Maybe Later|#|.w-full bg-gray-800/30 hover:bg-gray-800/","No Thanks|#|.w-full bg-transparent hover:bg-red-500/5","HOLD TO START|#afk-action-trigger|.relative overflow-hidden bg-blue-600 hov","Check Again & Unlock Site|#fh-adblock-check-btn|.w-full bg-gradient-to-r from-red-600 to-","Reload Page|#|.w-full bg-white/5 ho
[15:16:40] 失败截图已保存: /tmp/fh_fail_0_1.png
[15:16:40] Session #1 失败（连续失败 1 次）
[15:16:40] 20 秒后重试…
[15:17:05] 
[15:17:05] === Session #2（浏览器实例 1）===
[15:17:05] 加载 /earn…
[15:17:27] 反广告拦截绕过已注入
[15:17:27]   [页面状态 earn加载后] {"url":"https://free.freezehost.pro/earn","title":"AFK Coins - FreezeHost","text":"FreezeHost CLOUD INFRASTRUCTURE @shuijing1802 DEFAULT 817 COINS Dashboard Manage your account and resources securely. Upgrade to Premium High performance hardware, 99.9% uptime, no hibernating, and no renewal starting at $0.75/GB. Upgrade Now CPU ALLOCATION 0% OF 200% TOTAL 0% MEMORY USAGE 0MB OF 2048MB TOTAL 0% STORAGE 0MB OF 10240MB TOTAL 0% DATABASES 0 OF 0 TOTAL 0% ACTIVE SERVERS 0 OF 1 TOTAL 0% AVAILABLE BALANCE 817 GLOBAL CURRENCY ADVERTISEMENT Discover more Discord server hosting Discord bot development Discord integration services Rate Us AFK Earn KEEP THIS PAGE OPEN TO EARN FREE COINS AUTOMATICALLY Active Session VERIFY YOU ARE HUMAN TO START EARNING COINS HOLD TO START MAX SESSION: 20 MINUTES 1 COIN ADDED EVERY 60 SECONDS NEXT COIN IN 60SEC SESSION REMAINING 20:00MIN SESSION EARNED 0 DAILY RESET IN 08h 42m 33s DAILY LIMIT 0 / 1440 COINS (0%) Premium Game Server Hosting Our host","iframes":["googlefcPresent","https://googleads.g.doubleclick.net/pagead/ads?gdpr=0&client=ca-pub-4580579291403697&output=html&h=280&slotname=57562123","https://googleads.g.doubleclick.net/pagead/ads?gdpr=0&client=ca-pub-4580579291403697&output=html&adk=1812271804&adf=3025","about:blank","about:blank","about:blank","https://www.google.com/recaptcha/api2/aframe","https://googleads.g.doubleclick.net/pagead/html/r20261006/r20190131/zrt_lookup_fy2021.html","https://googleads.g.doubleclick.net/pagead/html/r20261006/r20190131/zrt_lookup_fy2021.html#RS-1-&adk=1812271802&client=c","https://googleads.g.doubleclick.net/pagead/ads?gdpr=0&client=ca-pub-4580579291403697&output=html&h=973&hl=en-US&adk=2936"],"start_afk":false,"login_btn":false,"cf":true,"adb":true,"adb_active":false,"adb_flag":false,"ws":-1,"buttons":["?|#mobile-menu-toggle|.lg:hidden w-11 h-11 flex items-center ju","Rate Us|#permanent-rate-button|.fixed bottom-6 right-6 xl:right-[calc((1","Write a Review|#|.group w-full bg-blue-600 hover:bg-blue-7","Maybe Later|#|.w-full bg-gray-800/30 hover:bg-gray-800/","No Thanks|#|.w-full bg-transparent hover:bg-red-500/5","HOLD TO START|#afk-action-trigger|.relative overflow-hidden bg-blue-600 hov","Chec
[15:17:27] 无内联 Turnstile 挑战覆盖
[15:17:27] 启动前面板: {"hold":"HOLD TO START","ws":-1,"run":false,"verify":true,"earned":"0","next":"60","left":"20:00"}
[15:17:27] 按钮中心 (468, 486) | 命中元素: P 'Take action to continue a' | 目标正确: False
[15:17:27] 警告：命中元素不是 HOLD 按钮，可能有元素遮挡！
[15:17:27]   [按住中开始] 按钮文案: 'HOLD TO START'
[15:17:28]   [按住中2/3] 按钮文案: 'HOLD TO START'
[15:17:29]   [按住中3/3] 按钮文案: 'HOLD TO START'
[15:17:30]   [按住中4/3] 按钮文案: 'HOLD TO START'
[15:17:30] CDP 触控长按完成 3.0s
[15:17:42] 第一次按住后面板: {"hold":"HOLD TO START","ws":-1,"run":false,"verify":true,"earned":"0","next":"60","left":"20:00"}
[15:17:42] 按住后可能出现验证模态，检查并处理…
[15:17:42]   [页面状态 按住后] {"url":"https://free.freezehost.pro/earn","title":"AFK Coins - FreezeHost","text":"FreezeHost CLOUD INFRASTRUCTURE @shuijing1802 DEFAULT 817 COINS Dashboard Manage your account and resources securely. Upgrade to Premium High performance hardware, 99.9% uptime, no hibernating, and no renewal starting at $0.75/GB. Upgrade Now CPU ALLOCATION 0% OF 200% TOTAL 0% MEMORY USAGE 0MB OF 2048MB TOTAL 0% STORAGE 0MB OF 10240MB TOTAL 0% DATABASES 0 OF 0 TOTAL 0% ACTIVE SERVERS 0 OF 1 TOTAL 0% AVAILABLE BALANCE 817 GLOBAL CURRENCY ADVERTISEMENT Discover more Discord server hosting Discord bot development Discord integration services Rate Us AFK Earn KEEP THIS PAGE OPEN TO EARN FREE COINS AUTOMATICALLY Active Session VERIFY YOU ARE HUMAN TO START EARNING COINS HOLD TO START MAX SESSION: 20 MINUTES 1 COIN ADDED EVERY 60 SECONDS NEXT COIN IN 60SEC SESSION REMAINING 20:00MIN SESSION EARNED 0 DAILY RESET IN 08h 42m 18s DAILY LIMIT 0 / 1440 COINS (0%) Premium Game Server Hosting Our host","iframes":["googlefcPresent","https://googleads.g.doubleclick.net/pagead/ads?gdpr=0&client=ca-pub-4580579291403697&output=html&h=280&slotname=57562123","https://googleads.g.doubleclick.net/pagead/ads?gdpr=0&client=ca-pub-4580579291403697&output=html&adk=1812271804&adf=3025","about:blank","about:blank","about:blank","https://www.google.com/recaptcha/api2/aframe","https://googleads.g.doubleclick.net/pagead/html/r20261006/r20190131/zrt_lookup_fy2021.html","https://googleads.g.doubleclick.net/pagead/html/r20261006/r20190131/zrt_lookup_fy2021.html#RS-1-&adk=1812271802&client=c","https://googleads.g.doubleclick.net/pagead/ads?gdpr=0&client=ca-pub-4580579291403697&output=html&h=973&hl=en-US&adk=2936"],"start_afk":false,"login_btn":false,"cf":true,"adb":true,"adb_active":false,"adb_flag":false,"ws":-1,"buttons":["?|#mobile-menu-toggle|.lg:hidden w-11 h-11 flex items-center ju","Rate Us|#permanent-rate-button|.fixed bottom-6 right-6 xl:right-[calc((1","Write a Review|#|.group w-full bg-blue-600 hover:bg-blue-7","Maybe Later|#|.w-full bg-gray-800/30 hover:bg-gray-800/","No Thanks|#|.w-full bg-transparent hover:bg-red-500/5","HOLD TO START|#afk-action-trigger|.relative overflow-hidden bg-blue-600 hov","Chec
[15:17:42]   模态状态: {"verify_modal":false,"cf_iframe":false,"rc_iframe":true,"cf_resp":"","rc_resp":"","modal_btns":[],"modal_head":""}
[15:17:42] 点击 reCAPTCHA 复选框…
[15:17:47]   模态状态: {"verify_modal":false,"cf_iframe":false,"rc_iframe":true,"cf_resp":"","rc_resp":"","modal_btns":[],"modal_head":""}
[15:17:47] 点击 reCAPTCHA 复选框…
[15:17:53]   模态状态: {"verify_modal":false,"cf_iframe":false,"rc_iframe":true,"cf_resp":"","rc_resp":"","modal_btns":[],"modal_head":""}
[15:17:53] 点击 reCAPTCHA 复选框…
[15:17:58]   模态状态: {"verify_modal":false,"cf_iframe":false,"rc_iframe":true,"cf_resp":"","rc_resp":"","modal_btns":[],"modal_head":""}
[15:17:58] 点击 reCAPTCHA 复选框…
[15:18:03]   模态状态: {"verify_modal":false,"cf_iframe":false,"rc_iframe":true,"cf_resp":"","rc_resp":"","modal_btns":[],"modal_head":""}
[15:18:03] 点击 reCAPTCHA 复选框…
[15:18:09]   模态状态: {"verify_modal":false,"cf_iframe":false,"rc_iframe":true,"cf_resp":"","rc_resp":"","modal_btns":[],"modal_head":""}
[15:18:09] 点击 reCAPTCHA 复选框…
[15:18:14] 模态处理超时
[15:18:22] 模态处理后面板: {"hold":"HOLD TO START","ws":-1,"run":false,"verify":true,"earned":"0","next":"60","left":"20:00"}
[15:18:22] 未激活，长按重试 6s…
[15:18:22] 按钮中心 (468, 486) | 命中元素: P 'Take action to continue a' | 目标正确: False
[15:18:22] 警告：命中元素不是 HOLD 按钮，可能有元素遮挡！
[15:18:22]   [按住中开始] 按钮文案: 'HOLD TO START'
[15:18:23]   [按住中2/6] 按钮文案: 'HOLD TO START'
[15:18:24]   [按住中3/6] 按钮文案: 'HOLD TO START'
[15:18:25]   [按住中4/6] 按钮文案: 'HOLD TO START'
[15:18:26]   [按住中5/6] 按钮文案: 'HOLD TO START'
[15:18:27]   [按住中6/6] 按钮文案: 'HOLD TO START'
[15:18:28]   [按住中7/6] 按钮文案: 'HOLD TO START'
[15:18:28] CDP 触控长按完成 6.0s
[15:18:44] 重试按住后面板: {"hold":"HOLD TO START","ws":-1,"run":false,"verify":true,"earned":"0","next":"60","left":"20:00"}
[15:18:44] 长按均未激活，尝试普通单击…
[15:18:56] 单击后面板: {"hold":"HOLD TO START","ws":-1,"run":false,"verify":true,"earned":"0","next":"60","left":"20:00"}
[15:18:56] HOLD TO START 未能激活会话，本 session 判失败
[15:18:56]   [页面状态 启动失败时] {"url":"https://free.freezehost.pro/earn","title":"AFK Coins - FreezeHost","text":"FreezeHost CLOUD INFRASTRUCTURE @shuijing1802 DEFAULT 817 COINS Dashboard Manage your account and resources securely. Upgrade to Premium High performance hardware, 99.9% uptime, no hibernating, and no renewal starting at $0.75/GB. Upgrade Now CPU ALLOCATION 0% OF 200% TOTAL 0% MEMORY USAGE 0MB OF 2048MB TOTAL 0% STORAGE 0MB OF 10240MB TOTAL 0% DATABASES 0 OF 0 TOTAL 0% ACTIVE SERVERS 0 OF 1 TOTAL 0% AVAILABLE BALANCE 817 GLOBAL CURRENCY ADVERTISEMENT Discover more Discord server hosting Discord bot development Discord integration services Rate Us AFK Earn KEEP THIS PAGE OPEN TO EARN FREE COINS AUTOMATICALLY Active Session VERIFY YOU ARE HUMAN TO START EARNING COINS HOLD TO START MAX SESSION: 20 MINUTES 1 COIN ADDED EVERY 60 SECONDS NEXT COIN IN 60SEC SESSION REMAINING 20:00MIN SESSION EARNED 0 DAILY RESET IN 08h 41m 03s DAILY LIMIT 0 / 1440 COINS (0%) Premium Game Server Hosting Our host","iframes":["googlefcPresent","https://googleads.g.doubleclick.net/pagead/ads?gdpr=0&client=ca-pub-4580579291403697&output=html&h=280&slotname=57562123","https://googleads.g.doubleclick.net/pagead/ads?gdpr=0&client=ca-pub-4580579291403697&output=html&adk=1812271804&adf=3025","about:blank","about:blank","about:blank","https://www.google.com/recaptcha/api2/aframe","https://googleads.g.doubleclick.net/pagead/html/r20261006/r20190131/zrt_lookup_fy2021.html","https://googleads.g.doubleclick.net/pagead/html/r20261006/r20190131/zrt_lookup_fy2021.html#RS-1-&adk=1812271802&client=c","https://googleads.g.doubleclick.net/pagead/ads?gdpr=0&client=ca-pub-4580579291403697&output=html&h=973&hl=en-US&adk=2936"],"start_afk":false,"login_btn":false,"cf":true,"adb":true,"adb_active":false,"adb_flag":false,"ws":-1,"buttons":["?|#mobile-menu-toggle|.lg:hidden w-11 h-11 flex items-center ju","Rate Us|#permanent-rate-button|.fixed bottom-6 right-6 xl:right-[calc((1","Write a Review|#|.group w-full bg-blue-600 hover:bg-blue-7","Maybe Later|#|.w-full bg-gray-800/30 hover:bg-gray-800/","No Thanks|#|.w-full bg-transparent hover:bg-red-500/5","HOLD TO START|#afk-action-trigger|.relative overflow-hidden bg-blue-600 hov","Chec
[15:18:57] 失败截图已保存: /tmp/fh_fail_0_2.png
[15:18:57] Session #2 失败（连续失败 2 次）
[15:18:57] 连续 2 次失败 → 代理切换: 直连 -> socks5://127.0.0.1:40000
[15:18:57] 浏览器重建 1/8（代理切换: 直连 -> socks5://127.0.0.1:40000）…
[15:19:05] 启动浏览器…（代理: socks5://127.0.0.1:40000，实例 2/8）
[15:19:06] 打开 FreezeHost…
[15:19:31] 无服务条款弹窗
[15:19:33] 当前地址: https://free.freezehost.pro/
[15:19:33] 登录 OK！
[15:19:33] 
[15:19:33] === Session #3（浏览器实例 2）===
[15:19:33] 加载 /earn…
[15:19:54] 反广告拦截绕过已注入
[15:19:54]   [页面状态 earn加载后] {"url":"chrome-error://chromewebdata/","title":"free.freezehost.pro","text":"No internet There is something wrong with the proxy server, or the address is incorrect. Try: Contacting the system admin Checking the proxy address ERR_PROXY_CONNECTION_FAILED Details","iframes":[],"start_afk":false,"login_btn":false,"cf":false,"adb":false,"adb_active":false,"adb_flag":false,"ws":-1,"buttons":["Details|#details-button|.secondary-button text-button\n           "],"links":["Checking the proxy addres|#buttons"]}
[15:19:54] 代理连接失败（chrome-error 页）→ 本轮判代理死亡
[15:19:54] 代理连接失败 → 代理失效: socks5://127.0.0.1:40000 -> 直连
[15:19:55] 浏览器重建 2/8（代理失效: socks5://127.0.0.1:40000 -> 直连）…
[15:20:03] 启动浏览器…（代理: 直连，实例 3/8）
[15:20:04] 打开 FreezeHost…
[15:20:20] 已确认服务条款
[15:20:22] 注入 Token…
[15:20:22] 刷新页面等待 OAuth 回调…
[15:20:31] 当前地址: https://free.freezehost.pro/dashboard
[15:20:31] 登录 OK！
[15:20:31] 
[15:20:31] === Session #4（浏览器实例 3）===
[15:20:31] 加载 /earn…
[15:20:53] 反广告拦截绕过已注入
[15:20:53]   [页面状态 earn加载后] {"url":"https://free.freezehost.pro/earn","title":"AFK Coins - FreezeHost","text":"FreezeHost CLOUD INFRASTRUCTURE @shuijing1802 DEFAULT 817 COINS Dashboard Manage your account and resources securely. Upgrade to Premium High performance hardware, 99.9% uptime, no hibernating, and no renewal starting at $0.75/GB. Upgrade Now CPU ALLOCATION 0% OF 200% TOTAL 0% MEMORY USAGE 0MB OF 2048MB TOTAL 0% STORAGE 0MB OF 10240MB TOTAL 0% DATABASES 0 OF 0 TOTAL 0% ACTIVE SERVERS 0 OF 1 TOTAL 0% AVAILABLE BALANCE 817 GLOBAL CURRENCY ADVERTISEMENT Discover more Discord server hosting Discord bot development Discord integration services Rate Us AFK Earn KEEP THIS PAGE OPEN TO EARN FREE COINS AUTOMATICALLY Active Session VERIFY YOU ARE HUMAN TO START EARNING COINS HOLD TO START MAX SESSION: 20 MINUTES 1 COIN ADDED EVERY 60 SECONDS NEXT COIN IN 60SEC SESSION REMAINING 20:00MIN SESSION EARNED 0 DAILY RESET IN 08h 39m 07s DAILY LIMIT 0 / 1440 COINS (0%) Premium Game Server Hosting Our host","iframes":["https://googleads.g.doubleclick.net/pagead/ads?gdpr=0&client=ca-pub-4580579291403697&output=html&h=280&slotname=57562123","https://googleads.g.doubleclick.net/pagead/ads?client=ca-pub-4580579291403697&output=html&adk=1812271804&adf=3025194257&","googlefcPresent","about:blank","about:blank","about:blank","https://www.google.com/recaptcha/api2/aframe","https://googleads.g.doubleclick.net/pagead/html/r20261006/r20190131/zrt_lookup_fy2021.html"],"start_afk":false,"login_btn":false,"cf":true,"adb":true,"adb_active":false,"adb_flag":false,"ws":-1,"buttons":["?|#mobile-menu-toggle|.lg:hidden w-11 h-11 flex items-center ju","Rate Us|#permanent-rate-button|.fixed bottom-6 right-6 xl:right-[calc((1","Write a Review|#|.group w-full bg-blue-600 hover:bg-blue-7","Maybe Later|#|.w-full bg-gray-800/30 hover:bg-gray-800/","No Thanks|#|.w-full bg-transparent hover:bg-red-500/5","HOLD TO START|#afk-action-trigger|.relative overflow-hidden bg-blue-600 hov","Check Again & Unlock Site|#fh-adblock-check-btn|.w-full bg-gradient-to-r from-red-600 to-","Reload Page|#|.w-full bg-white/5 hover:bg-white/10 text"],"links":["Dashboard|/dashboard","Deploy|/servers/new","Store|/store","Earn|/coins","Redeem|/redeem",
[15:20:53] 无内联 Turnstile 挑战覆盖
[15:20:53] 启动前面板: {"hold":"HOLD TO START","ws":-1,"run":false,"verify":true,"earned":"0","next":"60","left":"20:00"}
[15:20:53] 按钮中心 (468, 486) | 命中元素: afk-action-trigger 'HOLD TO START' | 目标正确: True
[15:20:53]   [按住中开始] 按钮文案: 'HOLDING...'
[15:20:54]   [按住中2/3] 按钮文案: 'HOLDING...'
[15:20:55]   [按住中3/3] 按钮文案: 'STARTING...'
[15:20:56]   [按住中4/3] 按钮文案: 'STARTING...'
[15:20:56] CDP 触控长按完成 3.0s
[15:21:08] 第一次按住后面板: {"hold":"HOLD TO START","ws":-1,"run":false,"verify":true,"earned":"0","next":"60","left":"20:00"}
[15:21:08] 按住后可能出现验证模态，检查并处理…
[15:21:08]   [页面状态 按住后] {"url":"https://free.freezehost.pro/earn","title":"AFK Coins - FreezeHost","text":"FreezeHost CLOUD INFRASTRUCTURE @shuijing1802 DEFAULT 817 COINS Dashboard Manage your account and resources securely. Upgrade to Premium High performance hardware, 99.9% uptime, no hibernating, and no renewal starting at $0.75/GB. Upgrade Now CPU ALLOCATION 0% OF 200% TOTAL 0% MEMORY USAGE 0MB OF 2048MB TOTAL 0% STORAGE 0MB OF 10240MB TOTAL 0% DATABASES 0 OF 0 TOTAL 0% ACTIVE SERVERS 0 OF 1 TOTAL 0% AVAILABLE BALANCE 817 GLOBAL CURRENCY ADVERTISEMENT Discover more Discord server hosting Discord bot development Discord integration services Rate Us AFK Earn KEEP THIS PAGE OPEN TO EARN FREE COINS AUTOMATICALLY Active Session VERIFY YOU ARE HUMAN TO START EARNING COINS HOLD TO START MAX SESSION: 20 MINUTES 1 COIN ADDED EVERY 60 SECONDS NEXT COIN IN 60SEC SESSION REMAINING 20:00MIN SESSION EARNED 0 DAILY RESET IN 08h 38m 51s DAILY LIMIT 0 / 1440 COINS (0%) Premium Game Server Hosting Our host","iframes":["https://googleads.g.doubleclick.net/pagead/ads?gdpr=0&client=ca-pub-4580579291403697&output=html&h=280&slotname=57562123","https://googleads.g.doubleclick.net/pagead/ads?client=ca-pub-4580579291403697&output=html&adk=1812271804&adf=3025194257&","googlefcPresent","about:blank","about:blank","about:blank","https://www.google.com/recaptcha/api2/aframe","https://googleads.g.doubleclick.net/pagead/html/r20261006/r20190131/zrt_lookup_fy2021.html"],"start_afk":false,"login_btn":false,"cf":true,"adb":true,"adb_active":false,"adb_flag":false,"ws":-1,"buttons":["?|#mobile-menu-toggle|.lg:hidden w-11 h-11 flex items-center ju","Rate Us|#permanent-rate-button|.fixed bottom-6 right-6 xl:right-[calc((1","Write a Review|#|.group w-full bg-blue-600 hover:bg-blue-7","Maybe Later|#|.w-full bg-gray-800/30 hover:bg-gray-800/","No Thanks|#|.w-full bg-transparent hover:bg-red-500/5","HOLD TO START|#afk-action-trigger|.relative overflow-hidden bg-blue-600 hov","Check Again & Unlock Site|#fh-adblock-check-btn|.w-full bg-gradient-to-r from-red-600 to-","Reload Page|#|.w-full bg-white/5 hover:bg-white/10 text","GOT IT|#|.w-full relative z-10 bg-gradient-to-r fr"],"links":["Dashboard|/dashboard","Deploy|/server
[15:21:08]   模态状态: {"verify_modal":true,"cf_iframe":false,"rc_iframe":true,"cf_resp":"","rc_resp":"","modal_btns":["GOT IT"],"modal_head":"Verification Required"}
[15:21:08] 点击 reCAPTCHA 复选框…
[15:21:11] 已点击模态按钮: GOT IT
[15:21:14]   模态状态: {"verify_modal":false,"cf_iframe":false,"rc_iframe":true,"cf_resp":"","rc_resp":"","modal_btns":["Got it"],"modal_head":""}
[15:21:14] 点击 reCAPTCHA 复选框…
[15:21:18] 已点击模态按钮: Got it
[15:21:21]   模态状态: {"verify_modal":false,"cf_iframe":false,"rc_iframe":true,"cf_resp":"1.TVHFvJAZKXFmf_VePLcoFbeCTzYfF8vMRjs3C1ThXoDmulzjbk6xew8vpUCni2CcRfEybi5L9n5DmqhGztYUAySxyuqaEShthcCfOwLjoS5kdJICi1dQXVGQLB7PorGjqg00SDsCvhUfPBsbttfo36E_Q69r1SwDxv-7pJ8BnVsxvRVjjsKxcrVumjAnrQX2HRMGCsmA_KdD3uUorUwFspRjJprUR4YRrwLCxidFqSPkueJlA7c4yg773rjPbNKEuXNZc53TyxKSW4M_fBmE4fMNgt5fzJpqSUXzlih2Gr117wp0IUFn1-CElixs5CWYb0j9Btsr-ENqFhlMs9mVbgA2W_9j70lN8veY16LR-khPOnQUDiuiiUnHHrsGPw6U031foPqIXUujvv-mM8FZGPk9UffhAkVIenkdWpjuRBnczm4ezR_kwg2qZaeNXQT11_STaNAeFUN5r2yuvWz1yjHdHVrSRzozTQ2AMj_MHIoKjnrUogkBdBt5zlg3IXfm4K4mijoCsxpVSIMuLqU022-qjjpS1WoMh2LZltrelamiAXUiQHwjTWTkeNDtiJDwZebZaEj_vpsODOHJeiqUBghdHOigPiRAhcYWITMYP6JGUH7Gxhu9zjjVZIPwDbvjfMlwbccugrYfOBgoPbE6DQ.aH4NJQ9hh5MhuC6QOtzpWA.6111688be6632dc805fe565c16a743597afe6460756845bf92520b4cc3c14ced","rc_resp":"","modal_btns":["Got it"],"modal_head":""}
[15:21:21] 验证响应已生成，模态通过
[15:21:29] 模态处理后面板: {"hold":"HOLD TO START","ws":-1,"run":false,"verify":true,"earned":"0","next":"60","left":"20:00"}
[15:21:29] 未激活，长按重试 6s…
[15:21:29] 按钮中心 (468, 486) | 命中元素: afk-action-trigger 'HOLD TO START' | 目标正确: True
[15:21:29]   [按住中开始] 按钮文案: 'HOLDING...'
[15:21:30]   [按住中2/6] 按钮文案: 'HOLDING...'
[15:21:31]   [按住中3/6] 按钮文案: 'STARTING...'
[15:21:32]   [按住中4/6] 按钮文案: 'Starting...'
[15:21:33]   [按住中5/6] 按钮文案: 'Starting...'
[15:21:34]   [按住中6/6] 按钮文案: 'Starting...'
[15:21:35]   [按住中7/6] 按钮文案: 'Starting...'
[15:21:35] CDP 触控长按完成 6.0s
[15:21:37] 重试按住后面板: {"hold":"Starting...","ws":-1,"run":true,"verify":false,"earned":"0","next":"54","left":"19:55"}
[15:21:37] AFK 会话已激活！面板: {"hold":"Starting...","ws":-1,"run":true,"verify":false,"earned":"0","next":"54","left":"19:55"}
[15:21:37] 开始赚币 1200 秒…
[15:21:37]   [赚币进度] 已赚 0 币，下次 +1 在 54 秒，剩余 19:55
[15:22:07]   [赚币进度] 已赚 0 币，下次 +1 在 24 秒，剩余 19:25
[15:22:37]   [赚币进度] 已赚 1 币，下次 +1 在 54 秒，剩余 18:55
[15:23:07]   [赚币进度] 已赚 1 币，下次 +1 在 24 秒，剩余 18:25
[15:23:37]   [赚币进度] 已赚 2 币，下次 +1 在 54 秒，剩余 17:55
[15:24:07]   [赚币进度] 已赚 2 币，下次 +1 在 24 秒，剩余 17:25
[15:24:37]   [赚币进度] 已赚 3 币，下次 +1 在 54 秒，剩余 16:54
[15:25:07]   [赚币进度] 已赚 3 币，下次 +1 在 24 秒，剩余 16:25
[15:25:37]   [赚币进度] 已赚 4 币，下次 +1 在 54 秒，剩余 15:55
[15:26:07]   [赚币进度] 已赚 4 币，下次 +1 在 23 秒，剩余 15:24
[15:26:37]   [赚币进度] 已赚 4 币，下次 +1 在 59 秒，剩余 15:00
[15:27:07]   [赚币进度] 已赚 4 币，下次 +1 在 59 秒，剩余 15:00
[15:27:37]   [赚币进度] 已赚 4 币，下次 +1 在 59 秒，剩余 15:00
[15:28:07]   [赚币进度] 已赚 4 币，下次 +1 在 59 秒，剩余 15:00
[15:28:37]   [赚币进度] 已赚 4 币，下次 +1 在 59 秒，剩余 15:00
[15:29:08]   [赚币进度] 已赚 4 币，下次 +1 在 59 秒，剩余 15:00
[15:29:38]   [赚币进度] 已赚 4 币，下次 +1 在 59 秒，剩余 15:00
[15:30:08]   [赚币进度] 已赚 4 币，下次 +1 在 59 秒，剩余 15:00
[15:30:38]   [赚币进度] 已赚 4 币，下次 +1 在 59 秒，剩余 15:00
[15:31:08]   [赚币进度] 已赚 4 币，下次 +1 在 59 秒，剩余 15:00
[15:31:38]   [赚币进度] 已赚 4 币，下次 +1 在 59 秒，剩余 15:00
[15:32:08]   [赚币进度] 已赚 4 币，下次 +1 在 59 秒，剩余 15:00
[15:32:38]   [赚币进度] 已赚 4 币，下次 +1 在 59 秒，剩余 15:00
[15:33:08]   [赚币进度] 已赚 4 币，下次 +1 在 59 秒，剩余 15:00
[15:33:38]   [赚币进度] 已赚 4 币，下次 +1 在 59 秒，剩余 15:00
[15:34:08]   [赚币进度] 已赚 4 币，下次 +1 在 59 秒，剩余 15:00
[15:34:38]   [赚币进度] 已赚 4 币，下次 +1 在 59 秒，剩余 15:00
[15:35:08]   [赚币进度] 已赚 4 币，下次 +1 在 59 秒，剩余 15:00
[15:35:38]   [赚币进度] 已赚 4 币，下次 +1 在 59 秒，剩余 15:00
[15:36:08]   [赚币进度] 已赚 4 币，下次 +1 在 59 秒，剩余 15:00
[15:36:38]   [赚币进度] 已赚 4 币，下次 +1 在 59 秒，剩余 15:00
[15:37:08]   [赚币进度] 已赚 4 币，下次 +1 在 59 秒，剩余 15:00
[15:37:38]   [赚币进度] 已赚 4 币，下次 +1 在 59 秒，剩余 15:00
[15:38:08]   [赚币进度] 已赚 4 币，下次 +1 在 59 秒，剩余 15:00
[15:38:38]   [赚币进度] 已赚 4 币，下次 +1 在 59 秒，剩余 15:00
[15:39:08]   [赚币进度] 已赚 4 币，下次 +1 在 59 秒，剩余 15:00
[15:39:38]   [赚币进度] 已赚 4 币，下次 +1 在 59 秒，剩余 15:00
[15:40:08]   [赚币进度] 已赚 4 币，下次 +1 在 59 秒，剩余 15:00
[15:40:38]   [赚币进度] 已赚 4 币，下次 +1 在 59 秒，剩余 15:00
[15:41:08]   [赚币进度] 已赚 4 币，下次 +1 在 59 秒，剩余 15:00
[15:41:38] Session #4 完成
[15:41:43] 
[15:41:43] === Session #5（浏览器实例 3）===
[15:41:43] 加载 /earn…
[15:42:17] 反广告拦截绕过已注入
[15:42:17]   [页面状态 earn加载后] {"url":"chrome-error://chromewebdata/","title":"free.freezehost.pro","text":"This site can’t be reached free.freezehost.pro took too long to respond. Try: Checking the connection Checking the proxy and the firewall ERR_TIMED_OUT Reload Details","iframes":[],"start_afk":false,"login_btn":false,"cf":false,"adb":false,"adb_active":false,"adb_flag":false,"ws":-1,"buttons":["Reload|#reload-button|.blue-button text-button","Details|#details-button|.secondary-button text-button\n           "],"links":["Checking the proxy and th|#buttons"]}
[15:42:17] 代理连接失败（chrome-error 页）→ 本轮判代理死亡
[15:42:17] 代理连接失败 → 代理失效: 直连 -> socks5://127.0.0.1:40000
[15:42:18] 浏览器重建 3/8（代理失效: 直连 -> socks5://127.0.0.1:40000）…
[15:42:26] 启动浏览器…（代理: socks5://127.0.0.1:40000，实例 4/8）
[15:42:27] 打开 FreezeHost…
[15:42:52] 无服务条款弹窗
[15:42:54] 当前地址: https://free.freezehost.pro/
[15:42:54] 登录 OK！
[15:42:54] 
[15:42:54] === Session #6（浏览器实例 4）===
[15:42:54] 加载 /earn…
[15:43:15] 反广告拦截绕过已注入
[15:43:15]   [页面状态 earn加载后] {"url":"chrome-error://chromewebdata/","title":"free.freezehost.pro","text":"No internet There is something wrong with the proxy server, or the address is incorrect. Try: Contacting the system admin Checking the proxy address ERR_PROXY_CONNECTION_FAILED Details","iframes":[],"start_afk":false,"login_btn":false,"cf":false,"adb":false,"adb_active":false,"adb_flag":false,"ws":-1,"buttons":["Details|#details-button|.secondary-button text-button\n           "],"links":["Checking the proxy addres|#buttons"]}
[15:43:15] 代理连接失败（chrome-error 页）→ 本轮判代理死亡
[15:43:15] 代理连接失败 → 代理失效: socks5://127.0.0.1:40000 -> 直连
[15:43:16] 浏览器重建 4/8（代理失效: socks5://127.0.0.1:40000 -> 直连）…
[15:43:24] 启动浏览器…（代理: 直连，实例 5/8）
[15:43:25] 打开 FreezeHost…
[15:44:15] 无服务条款弹窗
[15:44:17] 当前地址: https://free.freezehost.pro/
[15:44:17] 登录 OK！
[15:44:17] 
[15:44:17] === Session #7（浏览器实例 5）===
[15:44:17] 加载 /earn…
[15:45:02] 反广告拦截绕过已注入
[15:45:02]   [页面状态 earn加载后] {"url":"chrome-error://chromewebdata/","title":"free.freezehost.pro","text":"This site can’t be reached free.freezehost.pro took too long to respond. Try: Checking the connection Checking the proxy and the firewall ERR_TIMED_OUT Reload Details","iframes":[],"start_afk":false,"login_btn":false,"cf":false,"adb":false,"adb_active":false,"adb_flag":false,"ws":-1,"buttons":["Reload|#reload-button|.blue-button text-button","Details|#details-button|.secondary-button text-button\n           "],"links":["Checking the proxy and th|#buttons"]}
[15:45:02] 代理连接失败（chrome-error 页）→ 本轮判代理死亡
[15:45:02] 代理连接失败 → 代理失效: 直连 -> socks5://127.0.0.1:40000
[15:45:03] 浏览器重建 5/8（代理失效: 直连 -> socks5://127.0.0.1:40000）…
[15:45:11] 启动浏览器…（代理: socks5://127.0.0.1:40000，实例 6/8）
[15:45:11] 打开 FreezeHost…
[15:45:37] 无服务条款弹窗
[15:45:39] 当前地址: https://free.freezehost.pro/
[15:45:39] 登录 OK！
[15:45:39] 
[15:45:39] === Session #8（浏览器实例 6）===
[15:45:39] 加载 /earn…
[15:46:00] 反广告拦截绕过已注入
[15:46:00]   [页面状态 earn加载后] {"url":"chrome-error://chromewebdata/","title":"free.freezehost.pro","text":"No internet There is something wrong with the proxy server, or the address is incorrect. Try: Contacting the system admin Checking the proxy address ERR_PROXY_CONNECTION_FAILED Details","iframes":[],"start_afk":false,"login_btn":false,"cf":false,"adb":false,"adb_active":false,"adb_flag":false,"ws":-1,"buttons":["Details|#details-button|.secondary-button text-button\n           "],"links":["Checking the proxy addres|#buttons"]}
[15:46:00] 代理连接失败（chrome-error 页）→ 本轮判代理死亡
[15:46:00] 代理连接失败 → 代理失效: socks5://127.0.0.1:40000 -> 直连
[15:46:00] 浏览器重建 6/8（代理失效: socks5://127.0.0.1:40000 -> 直连）…
[15:46:08] 启动浏览器…（代理: 直连，实例 7/8）
[15:46:09] 打开 FreezeHost…
[15:47:00] 无服务条款弹窗
[15:47:02] 当前地址: https://free.freezehost.pro/
[15:47:02] 登录 OK！
[15:47:02] 
[15:47:02] === Session #9（浏览器实例 7）===
[15:47:02] 加载 /earn…
[15:47:47] 反广告拦截绕过已注入
[15:47:47]   [页面状态 earn加载后] {"url":"chrome-error://chromewebdata/","title":"free.freezehost.pro","text":"This site can’t be reached free.freezehost.pro took too long to respond. Try: Checking the connection Checking the proxy and the firewall ERR_TIMED_OUT Reload Details","iframes":[],"start_afk":false,"login_btn":false,"cf":false,"adb":false,"adb_active":false,"adb_flag":false,"ws":-1,"buttons":["Reload|#reload-button|.blue-button text-button","Details|#details-button|.secondary-button text-button\n           "],"links":["Checking the proxy and th|#buttons"]}
[15:47:47] 代理连接失败（chrome-error 页）→ 本轮判代理死亡
[15:47:47] 代理连接失败 → 代理失效: 直连 -> socks5://127.0.0.1:40000
[15:47:47] 浏览器重建 7/8（代理失效: 直连 -> socks5://127.0.0.1:40000）…
[15:47:55] 启动浏览器…（代理: socks5://127.0.0.1:40000，实例 8/8）
[15:47:56] 打开 FreezeHost…
[15:48:21] 无服务条款弹窗
[15:48:23] 当前地址: https://free.freezehost.pro/
[15:48:23] 登录 OK！
[15:48:23] 
[15:48:23] === Session #10（浏览器实例 8）===
[15:48:23] 加载 /earn…
[15:48:45] 反广告拦截绕过已注入
[15:48:45]   [页面状态 earn加载后] {"url":"chrome-error://chromewebdata/","title":"free.freezehost.pro","text":"No internet There is something wrong with the proxy server, or the address is incorrect. Try: Contacting the system admin Checking the proxy address ERR_PROXY_CONNECTION_FAILED Details","iframes":[],"start_afk":false,"login_btn":false,"cf":false,"adb":false,"adb_active":false,"adb_flag":false,"ws":-1,"buttons":["Details|#details-button|.secondary-button text-button\n           "],"links":["Checking the proxy addres|#buttons"]}
[15:48:45] 代理连接失败（chrome-error 页）→ 本轮判代理死亡
[15:48:45] 代理连接失败 → 代理失效: socks5://127.0.0.1:40000 -> 直连
[15:48:45] 浏览器重建 8/8（代理失效: socks5://127.0.0.1:40000 -> 直连）…
[15:48:53] 启动浏览器…（代理: 直连，实例 9/8）
[15:48:54] 打开 FreezeHost…
[15:49:44] 无服务条款弹窗
[15:49:46] 当前地址: https://free.freezehost.pro/
[15:49:46] 登录 OK！
[15:49:46] 
[15:49:46] === Session #11（浏览器实例 9）===
[15:49:46] 加载 /earn…
[15:50:31] 反广告拦截绕过已注入
[15:50:31]   [页面状态 earn加载后] {"url":"chrome-error://chromewebdata/","title":"free.freezehost.pro","text":"This site can’t be reached free.freezehost.pro took too long to respond. Try: Checking the connection Checking the proxy and the firewall ERR_TIMED_OUT Reload Details","iframes":[],"start_afk":false,"login_btn":false,"cf":false,"adb":false,"adb_active":false,"adb_flag":false,"ws":-1,"buttons":["Reload|#reload-button|.blue-button text-button","Details|#details-button|.secondary-button text-button\n           "],"links":["Checking the proxy and th|#buttons"]}
[15:50:31] 代理连接失败（chrome-error 页）→ 本轮判代理死亡
[15:50:31] 代理连接失败 → 代理失效: 直连 -> socks5://127.0.0.1:40000
[15:50:32] 浏览器重建 9/8（代理失效: 直连 -> socks5://127.0.0.1:40000）…
[15:50:40] 浏览器重建次数超过上限（8），结束
[15:50:40] 运行结束！
