[16:50:22] ========================================================
[16:50:22] FreezeHost AFK 修复版 v2.1 - 实例 #0
[16:50:22] Token: NDIxODYxND...7Fit0
[16:50:22] 代理: socks5://127.0.0.1:40000 （模式: auto） TRY_SOLVE=False RUSH_AFK_ON_FAIL=True UC_CDP=False
[16:50:22] ========================================================
[16:50:22] 启动浏览器…（代理: socks5://127.0.0.1:40000，实例 1/8）
[16:50:45] 打开 FreezeHost…
[16:51:13] 无服务条款弹窗
[16:51:15] 当前地址: https://free.freezehost.pro/
[16:51:15] 登录 OK！
[16:51:15] 
[16:51:15] === Session #1（浏览器实例 1）===
[16:51:15] 加载 /earn…
[16:51:36] 反广告拦截绕过已注入
[16:51:36]   [页面状态 earn加载后] {"url":"chrome-error://chromewebdata/","title":"free.freezehost.pro","text":"No internet There is something wrong with the proxy server, or the address is incorrect. Try: Contacting the system admin Checking the proxy address ERR_PROXY_CONNECTION_FAILED Details","iframes":[],"start_afk":false,"login_btn":false,"cf":false,"adb":false,"adb_active":false,"adb_flag":false,"ws":-1,"buttons":["Details"]}
[16:51:36] 等待 Turnstile（最多 150s）…
[16:51:36]   [验证码状态] 静置中 → {"iframe":false,"wrapper":false,"stage":false,"resp":0}
[16:51:46]   [验证码状态] 静置中 → {"iframe":false,"wrapper":false,"stage":false,"resp":0}
[16:51:56]   [验证码状态] 静置中 → {"iframe":false,"wrapper":false,"stage":false,"resp":0}
[16:52:02] 静置 25s 未通过，开始按需精准点击（最多 3 次、间隔 18s）
[16:52:02] Turnstile 点击未生效
[16:52:08]   [验证码状态] 等待中 → {"iframe":false,"wrapper":false,"stage":false,"resp":0}
[16:52:21] Turnstile 点击未生效
[16:52:21]   [验证码状态] 等待中 → {"iframe":false,"wrapper":false,"stage":false,"resp":0}
[16:52:33]   [验证码状态] 等待中 → {"iframe":false,"wrapper":false,"stage":false,"resp":0}
[16:52:39] Turnstile 点击未生效
[16:52:45]   [验证码状态] 等待中 → {"iframe":false,"wrapper":false,"stage":false,"resp":0}
[16:52:57]   [验证码状态] 等待中 → {"iframe":false,"wrapper":false,"stage":false,"resp":0}
[16:53:09]   [验证码状态] 等待中 → {"iframe":false,"wrapper":false,"stage":false,"resp":0}
[16:53:21]   [验证码状态] 等待中 → {"iframe":false,"wrapper":false,"stage":false,"resp":0}
[16:53:33]   [验证码状态] 等待中 → {"iframe":false,"wrapper":false,"stage":false,"resp":0}
[16:53:45]   [验证码状态] 等待中 → {"iframe":false,"wrapper":false,"stage":false,"resp":0}
[16:53:57]   [验证码状态] 等待中 → {"iframe":false,"wrapper":false,"stage":false,"resp":0}
[16:54:09] Turnstile 验证失败！
[16:54:09]   [页面状态 失败时] {"url":"chrome-error://chromewebdata/","title":"free.freezehost.pro","text":"No internet There is something wrong with the proxy server, or the address is incorrect. Try: Contacting the system admin Checking the proxy address ERR_PROXY_CONNECTION_FAILED Details","iframes":[],"start_afk":false,"login_btn":false,"cf":false,"adb":false,"adb_active":false,"adb_flag":false,"ws":-1,"buttons":["Details"]}
[16:54:09] 失败截图已保存: /tmp/fh_fail_0_1.png
[16:54:09] 验证码未通过且按钮不存在/已关闭 RUSH，本 session 判失败
[16:54:09] Session #1 失败（连续失败 1 次）
[16:54:09] 20 秒后重试…
[16:54:34] 
[16:54:34] === Session #2（浏览器实例 1）===
[16:54:34] 加载 /earn…
[16:54:55] 反广告拦截绕过已注入
[16:54:55]   [页面状态 earn加载后] {"url":"chrome-error://chromewebdata/","title":"free.freezehost.pro","text":"No internet There is something wrong with the proxy server, or the address is incorrect. Try: Contacting the system admin Checking the proxy address ERR_PROXY_CONNECTION_FAILED Details","iframes":[],"start_afk":false,"login_btn":false,"cf":false,"adb":false,"adb_active":false,"adb_flag":false,"ws":-1,"buttons":["Details"]}
[16:54:55] 等待 Turnstile（最多 150s）…
[16:54:55]   [验证码状态] 静置中 → {"iframe":false,"wrapper":false,"stage":false,"resp":0}
[16:55:05]   [验证码状态] 静置中 → {"iframe":false,"wrapper":false,"stage":false,"resp":0}
[16:55:15]   [验证码状态] 静置中 → {"iframe":false,"wrapper":false,"stage":false,"resp":0}
[16:55:21] 静置 25s 未通过，开始按需精准点击（最多 3 次、间隔 18s）
[16:55:21] Turnstile 点击未生效
[16:55:27]   [验证码状态] 等待中 → {"iframe":false,"wrapper":false,"stage":false,"resp":0}
[16:55:40] Turnstile 点击未生效
[16:55:40]   [验证码状态] 等待中 → {"iframe":false,"wrapper":false,"stage":false,"resp":0}
[16:55:52]   [验证码状态] 等待中 → {"iframe":false,"wrapper":false,"stage":false,"resp":0}
[16:55:58] Turnstile 点击未生效
[16:56:04]   [验证码状态] 等待中 → {"iframe":false,"wrapper":false,"stage":false,"resp":0}
[16:56:16]   [验证码状态] 等待中 → {"iframe":false,"wrapper":false,"stage":false,"resp":0}
[16:56:28]   [验证码状态] 等待中 → {"iframe":false,"wrapper":false,"stage":false,"resp":0}
[16:56:40]   [验证码状态] 等待中 → {"iframe":false,"wrapper":false,"stage":false,"resp":0}
[16:56:52]   [验证码状态] 等待中 → {"iframe":false,"wrapper":false,"stage":false,"resp":0}
[16:57:04]   [验证码状态] 等待中 → {"iframe":false,"wrapper":false,"stage":false,"resp":0}
[16:57:16]   [验证码状态] 等待中 → {"iframe":false,"wrapper":false,"stage":false,"resp":0}
[16:57:28] Turnstile 验证失败！
[16:57:28]   [页面状态 失败时] {"url":"chrome-error://chromewebdata/","title":"free.freezehost.pro","text":"No internet There is something wrong with the proxy server, or the address is incorrect. Try: Contacting the system admin Checking the proxy address ERR_PROXY_CONNECTION_FAILED Details","iframes":[],"start_afk":false,"login_btn":false,"cf":false,"adb":false,"adb_active":false,"adb_flag":false,"ws":-1,"buttons":["Details"]}
[16:57:28] 失败截图已保存: /tmp/fh_fail_0_2.png
[16:57:28] 验证码未通过且按钮不存在/已关闭 RUSH，本 session 判失败
[16:57:28] Session #2 失败（连续失败 2 次）
[16:57:28] 连续 2 次失败 → 代理切换: socks5://127.0.0.1:40000 -> 直连
[16:57:28] 浏览器重建 1/8（代理切换: socks5://127.0.0.1:40000 -> 直连）…
[16:57:36] 启动浏览器…（代理: 直连，实例 2/8）
[16:57:37] 打开 FreezeHost…
[16:57:53] 已确认服务条款
[16:57:55] 注入 Token…
[16:57:55] 刷新页面等待 OAuth 回调…
[16:58:03] 当前地址: https://free.freezehost.pro/dashboard
[16:58:03] 登录 OK！
[16:58:03] 
[16:58:03] === Session #3（浏览器实例 2）===
[16:58:03] 加载 /earn…
[16:58:25] 反广告拦截绕过已注入
[16:58:25]   [页面状态 earn加载后] {"url":"https://free.freezehost.pro/earn","title":"AFK Coins - FreezeHost","text":"SG-02 & US-01 will be removed on 01-09-2026! To keep data, create a ticket to transfer the server to an NL node. If you are not on sg or us when a ticket is created, you will get a warn. Acknowledge FreezeHost CLOUD INFRASTRUCTURE @shuijing1802 DEFAULT 10 COINS Dashboard Manage your account and resources securely. Upgrade to Premium High performance hardware, 99.9% uptime, no hibernating, and no r","iframes":["https://googleads.g.doubleclick.net/pagead/ads?gdpr=0&client=ca-pub-4580579291403697&outpu","googlefcPresent","about:blank","about:blank","about:blank","https://www.google.com/recaptcha/api2/aframe","htt
[16:58:25] 等待 Turnstile（最多 150s）…
[16:58:25]   [验证码状态] 静置中 → {"iframe":false,"wrapper":false,"stage":false,"resp":0}
[16:58:35]   [验证码状态] 静置中 → {"iframe":false,"wrapper":false,"stage":false,"resp":0}
[16:58:45]   [验证码状态] 静置中 → {"iframe":false,"wrapper":false,"stage":false,"resp":0}
[16:58:51] 静置 25s 未通过，开始按需精准点击（最多 3 次、间隔 18s）
[16:58:54] Turnstile 点击未生效
[16:58:57]   [验证码状态] 等待中 → {"iframe":false,"wrapper":false,"stage":false,"resp":0}
[16:59:13] Turnstile 点击未生效
[16:59:13]   [验证码状态] 等待中 → {"iframe":false,"wrapper":false,"stage":false,"resp":0}
[16:59:25]   [验证码状态] 等待中 → {"iframe":false,"wrapper":false,"stage":false,"resp":0}
[16:59:31] Turnstile 点击未生效
[16:59:37]   [验证码状态] 等待中 → {"iframe":false,"wrapper":false,"stage":false,"resp":0}
[16:59:49]   [验证码状态] 等待中 → {"iframe":false,"wrapper":false,"stage":false,"resp":0}
[17:00:01]   [验证码状态] 等待中 → {"iframe":false,"wrapper":false,"stage":false,"resp":0}
[17:00:13]   [验证码状态] 等待中 → {"iframe":false,"wrapper":false,"stage":false,"resp":0}
[17:00:25]   [验证码状态] 等待中 → {"iframe":false,"wrapper":false,"stage":false,"resp":0}
[17:00:37]   [验证码状态] 等待中 → {"iframe":false,"wrapper":false,"stage":false,"resp":0}
[17:00:49]   [验证码状态] 等待中 → {"iframe":false,"wrapper":false,"stage":false,"resp":0}
[17:00:55] Turnstile 验证失败！
[17:00:55]   [页面状态 失败时] {"url":"https://free.freezehost.pro/earn","title":"AFK Coins - FreezeHost","text":"SG-02 & US-01 will be removed on 01-09-2026! To keep data, create a ticket to transfer the server to an NL node. If you are not on sg or us when a ticket is created, you will get a warn. Acknowledge FreezeHost CLOUD INFRASTRUCTURE @shuijing1802 DEFAULT 10 COINS Dashboard Manage your account and resources securely. Upgrade to Premium High performance hardware, 99.9% uptime, no hibernating, and no r","iframes":["https://googleads.g.doubleclick.net/pagead/ads?gdpr=0&client=ca-pub-4580579291403697&outpu","googlefcPresent","about:blank","about:blank","about:blank","https://www.google.com/recaptcha/api2/aframe","htt
[17:00:55] 失败截图已保存: /tmp/fh_fail_0_3.png
[17:00:55] 验证码未通过且按钮不存在/已关闭 RUSH，本 session 判失败
[17:00:55] Session #3 失败（连续失败 1 次）
[17:00:55] 20 秒后重试…
[17:01:20] 
[17:01:20] === Session #4（浏览器实例 2）===
[17:01:20] 加载 /earn…
[17:01:41] 反广告拦截绕过已注入
[17:01:41]   [页面状态 earn加载后] {"url":"https://free.freezehost.pro/earn","title":"AFK Coins - FreezeHost","text":"SG-02 & US-01 will be removed on 01-09-2026! To keep data, create a ticket to transfer the server to an NL node. If you are not on sg or us when a ticket is created, you will get a warn. Acknowledge FreezeHost CLOUD INFRASTRUCTURE @shuijing1802 DEFAULT 10 COINS Dashboard Manage your account and resources securely. Upgrade to Premium High performance hardware, 99.9% uptime, no hibernating, and no r","iframes":["googlefcPresent","https://googleads.g.doubleclick.net/pagead/ads?gdpr=0&client=ca-pub-4580579291403697&outpu","about:blank","about:blank","about:blank","https://www.google.com/recaptcha/api2/aframe","htt
[17:01:41] 等待 Turnstile（最多 150s）…
[17:01:41]   [验证码状态] 静置中 → {"iframe":false,"wrapper":false,"stage":false,"resp":0}
[17:01:51]   [验证码状态] 静置中 → {"iframe":false,"wrapper":false,"stage":false,"resp":0}
[17:02:01]   [验证码状态] 静置中 → {"iframe":false,"wrapper":false,"stage":false,"resp":0}
[17:02:07] 静置 25s 未通过，开始按需精准点击（最多 3 次、间隔 18s）
[17:02:10] Turnstile 点击未生效
[17:02:13]   [验证码状态] 等待中 → {"iframe":false,"wrapper":false,"stage":false,"resp":0}
[17:02:29] Turnstile 点击未生效
[17:02:29]   [验证码状态] 等待中 → {"iframe":false,"wrapper":false,"stage":false,"resp":0}
[17:02:41]   [验证码状态] 等待中 → {"iframe":false,"wrapper":false,"stage":false,"resp":0}
[17:02:47] Turnstile 点击未生效
[17:02:53]   [验证码状态] 等待中 → {"iframe":false,"wrapper":false,"stage":false,"resp":0}
[17:03:05]   [验证码状态] 等待中 → {"iframe":false,"wrapper":false,"stage":false,"resp":0}
[17:03:17]   [验证码状态] 等待中 → {"iframe":false,"wrapper":false,"stage":false,"resp":0}
[17:03:29]   [验证码状态] 等待中 → {"iframe":false,"wrapper":false,"stage":false,"resp":0}
[17:03:41]   [验证码状态] 等待中 → {"iframe":false,"wrapper":false,"stage":false,"resp":0}
[17:03:53]   [验证码状态] 等待中 → {"iframe":false,"wrapper":false,"stage":false,"resp":0}
[17:04:05]   [验证码状态] 等待中 → {"iframe":false,"wrapper":false,"stage":false,"resp":0}
[17:04:14] Turnstile 验证失败！
[17:04:14]   [页面状态 失败时] {"url":"https://free.freezehost.pro/earn","title":"AFK Coins - FreezeHost","text":"SG-02 & US-01 will be removed on 01-09-2026! To keep data, create a ticket to transfer the server to an NL node. If you are not on sg or us when a ticket is created, you will get a warn. Acknowledge FreezeHost CLOUD INFRASTRUCTURE @shuijing1802 DEFAULT 10 COINS Dashboard Manage your account and resources securely. Upgrade to Premium High performance hardware, 99.9% uptime, no hibernating, and no r","iframes":["googlefcPresent","https://googleads.g.doubleclick.net/pagead/ads?gdpr=0&client=ca-pub-4580579291403697&outpu","about:blank","about:blank","about:blank","https://www.google.com/recaptcha/api2/aframe","htt
[17:04:14] 失败截图已保存: /tmp/fh_fail_0_4.png
[17:04:14] 验证码未通过且按钮不存在/已关闭 RUSH，本 session 判失败
[17:04:14] Session #4 失败（连续失败 2 次）
[17:04:14] 连续 2 次失败 → 代理切换: 直连 -> socks5://127.0.0.1:40000
[17:04:15] 浏览器重建 2/8（代理切换: 直连 -> socks5://127.0.0.1:40000）…
[17:04:23] 启动浏览器…（代理: socks5://127.0.0.1:40000，实例 3/8）
[17:04:24] 打开 FreezeHost…
[17:04:49] 无服务条款弹窗
[17:04:51] 当前地址: https://free.freezehost.pro/
[17:04:51] 登录 OK！
[17:04:51] 
[17:04:51] === Session #5（浏览器实例 3）===
[17:04:51] 加载 /earn…
[17:05:12] 反广告拦截绕过已注入
[17:05:12]   [页面状态 earn加载后] {"url":"chrome-error://chromewebdata/","title":"free.freezehost.pro","text":"No internet There is something wrong with the proxy server, or the address is incorrect. Try: Contacting the system admin Checking the proxy address ERR_PROXY_CONNECTION_FAILED Details","iframes":[],"start_afk":false,"login_btn":false,"cf":false,"adb":false,"adb_active":false,"adb_flag":false,"ws":-1,"buttons":["Details"]}
[17:05:12] 等待 Turnstile（最多 150s）…
[17:05:12]   [验证码状态] 静置中 → {"iframe":false,"wrapper":false,"stage":false,"resp":0}
[17:05:22]   [验证码状态] 静置中 → {"iframe":false,"wrapper":false,"stage":false,"resp":0}
[17:05:32]   [验证码状态] 静置中 → {"iframe":false,"wrapper":false,"stage":false,"resp":0}
[17:05:38] 静置 25s 未通过，开始按需精准点击（最多 3 次、间隔 18s）
[17:05:38] Turnstile 点击未生效
[17:05:44]   [验证码状态] 等待中 → {"iframe":false,"wrapper":false,"stage":false,"resp":0}
[17:05:56] Turnstile 点击未生效
[17:05:56]   [验证码状态] 等待中 → {"iframe":false,"wrapper":false,"stage":false,"resp":0}
[17:06:08]   [验证码状态] 等待中 → {"iframe":false,"wrapper":false,"stage":false,"resp":0}
[17:06:15] Turnstile 点击未生效
[17:06:21]   [验证码状态] 等待中 → {"iframe":false,"wrapper":false,"stage":false,"resp":0}
[17:06:33]   [验证码状态] 等待中 → {"iframe":false,"wrapper":false,"stage":false,"resp":0}
[17:06:45]   [验证码状态] 等待中 → {"iframe":false,"wrapper":false,"stage":false,"resp":0}
[17:06:57]   [验证码状态] 等待中 → {"iframe":false,"wrapper":false,"stage":false,"resp":0}
[17:07:09]   [验证码状态] 等待中 → {"iframe":false,"wrapper":false,"stage":false,"resp":0}
[17:07:21]   [验证码状态] 等待中 → {"iframe":false,"wrapper":false,"stage":false,"resp":0}
[17:07:33]   [验证码状态] 等待中 → {"iframe":false,"wrapper":false,"stage":false,"resp":0}
[17:07:45] Turnstile 验证失败！
[17:07:45]   [页面状态 失败时] {"url":"chrome-error://chromewebdata/","title":"free.freezehost.pro","text":"No internet There is something wrong with the proxy server, or the address is incorrect. Try: Contacting the system admin Checking the proxy address ERR_PROXY_CONNECTION_FAILED Details","iframes":[],"start_afk":false,"login_btn":false,"cf":false,"adb":false,"adb_active":false,"adb_flag":false,"ws":-1,"buttons":["Details"]}
[17:07:45] 失败截图已保存: /tmp/fh_fail_0_5.png
[17:07:45] 验证码未通过且按钮不存在/已关闭 RUSH，本 session 判失败
[17:07:45] Session #5 失败（连续失败 1 次）
[17:07:45] 20 秒后重试…
[17:08:10] 
[17:08:10] === Session #6（浏览器实例 3）===
[17:08:10] 加载 /earn…
[17:08:31] 反广告拦截绕过已注入
[17:08:31]   [页面状态 earn加载后] {"url":"chrome-error://chromewebdata/","title":"free.freezehost.pro","text":"No internet There is something wrong with the proxy server, or the address is incorrect. Try: Contacting the system admin Checking the proxy address ERR_PROXY_CONNECTION_FAILED Details","iframes":[],"start_afk":false,"login_btn":false,"cf":false,"adb":false,"adb_active":false,"adb_flag":false,"ws":-1,"buttons":["Details"]}
[17:08:31] 等待 Turnstile（最多 150s）…
[17:08:31]   [验证码状态] 静置中 → {"iframe":false,"wrapper":false,"stage":false,"resp":0}
[17:08:41]   [验证码状态] 静置中 → {"iframe":false,"wrapper":false,"stage":false,"resp":0}
[17:08:51]   [验证码状态] 静置中 → {"iframe":false,"wrapper":false,"stage":false,"resp":0}
[17:08:57] 静置 25s 未通过，开始按需精准点击（最多 3 次、间隔 18s）
[17:08:57] Turnstile 点击未生效
[17:09:03]   [验证码状态] 等待中 → {"iframe":false,"wrapper":false,"stage":false,"resp":0}
[17:09:15] Turnstile 点击未生效
[17:09:15]   [验证码状态] 等待中 → {"iframe":false,"wrapper":false,"stage":false,"resp":0}
[17:09:28]   [验证码状态] 等待中 → {"iframe":false,"wrapper":false,"stage":false,"resp":0}
[17:09:34] Turnstile 点击未生效
[17:09:40]   [验证码状态] 等待中 → {"iframe":false,"wrapper":false,"stage":false,"resp":0}
[17:09:52]   [验证码状态] 等待中 → {"iframe":false,"wrapper":false,"stage":false,"resp":0}
[17:10:04]   [验证码状态] 等待中 → {"iframe":false,"wrapper":false,"stage":false,"resp":0}
[17:10:16]   [验证码状态] 等待中 → {"iframe":false,"wrapper":false,"stage":false,"resp":0}
[17:10:28]   [验证码状态] 等待中 → {"iframe":false,"wrapper":false,"stage":false,"resp":0}
[17:10:40]   [验证码状态] 等待中 → {"iframe":false,"wrapper":false,"stage":false,"resp":0}
[17:10:52]   [验证码状态] 等待中 → {"iframe":false,"wrapper":false,"stage":false,"resp":0}
[17:11:04] Turnstile 验证失败！
[17:11:04]   [页面状态 失败时] {"url":"chrome-error://chromewebdata/","title":"free.freezehost.pro","text":"No internet There is something wrong with the proxy server, or the address is incorrect. Try: Contacting the system admin Checking the proxy address ERR_PROXY_CONNECTION_FAILED Details","iframes":[],"start_afk":false,"login_btn":false,"cf":false,"adb":false,"adb_active":false,"adb_flag":false,"ws":-1,"buttons":["Details"]}
[17:11:04] 失败截图已保存: /tmp/fh_fail_0_6.png
[17:11:04] 验证码未通过且按钮不存在/已关闭 RUSH，本 session 判失败
[17:11:04] Session #6 失败（连续失败 2 次）
[17:11:04] 连续 2 次失败 → 代理切换: socks5://127.0.0.1:40000 -> 直连
[17:11:05] 浏览器重建 3/8（代理切换: socks5://127.0.0.1:40000 -> 直连）…
[17:11:13] 启动浏览器…（代理: 直连，实例 4/8）
[17:11:13] 打开 FreezeHost…
[17:11:29] 已确认服务条款
[17:11:31] 注入 Token…
[17:11:31] 刷新页面等待 OAuth 回调…
[17:11:40] 当前地址: https://free.freezehost.pro/dashboard
[17:11:40] 登录 OK！
[17:11:40] 
[17:11:40] === Session #7（浏览器实例 4）===
[17:11:40] 加载 /earn…
[17:12:01] 反广告拦截绕过已注入
[17:12:01]   [页面状态 earn加载后] {"url":"https://free.freezehost.pro/earn","title":"AFK Coins - FreezeHost","text":"SG-02 & US-01 will be removed on 01-09-2026! To keep data, create a ticket to transfer the server to an NL node. If you are not on sg or us when a ticket is created, you will get a warn. Acknowledge FreezeHost CLOUD INFRASTRUCTURE @shuijing1802 DEFAULT 10 COINS Dashboard Manage your account and resources securely. Upgrade to Premium High performance hardware, 99.9% uptime, no hibernating, and no r","iframes":["https://googleads.g.doubleclick.net/pagead/ads?gdpr=0&client=ca-pub-4580579291403697&outpu","about:blank","about:blank","about:blank","googlefcPresent","https://www.google.com/recaptcha/api2/aframe","htt
[17:12:01] 等待 Turnstile（最多 150s）…
[17:12:01]   [验证码状态] 静置中 → {"iframe":false,"wrapper":false,"stage":false,"resp":0}
[17:12:11]   [验证码状态] 静置中 → {"iframe":false,"wrapper":false,"stage":false,"resp":0}
[17:12:21]   [验证码状态] 静置中 → {"iframe":false,"wrapper":false,"stage":false,"resp":0}
[17:12:27] 静置 25s 未通过，开始按需精准点击（最多 3 次、间隔 18s）
[17:12:30] Turnstile 点击未生效
[17:12:33]   [验证码状态] 等待中 → {"iframe":false,"wrapper":false,"stage":false,"resp":0}
[17:12:48] Turnstile 点击未生效
[17:12:48]   [验证码状态] 等待中 → {"iframe":false,"wrapper":false,"stage":false,"resp":0}
[17:13:00]   [验证码状态] 等待中 → {"iframe":false,"wrapper":false,"stage":false,"resp":0}
[17:13:06] Turnstile 点击未生效
[17:13:12]   [验证码状态] 等待中 → {"iframe":false,"wrapper":false,"stage":false,"resp":0}
[17:13:24]   [验证码状态] 等待中 → {"iframe":false,"wrapper":false,"stage":false,"resp":0}
[17:13:36]   [验证码状态] 等待中 → {"iframe":false,"wrapper":false,"stage":false,"resp":0}
[17:13:48]   [验证码状态] 等待中 → {"iframe":false,"wrapper":false,"stage":false,"resp":0}
[17:14:00]   [验证码状态] 等待中 → {"iframe":false,"wrapper":false,"stage":false,"resp":0}
[17:14:13]   [验证码状态] 等待中 → {"iframe":false,"wrapper":false,"stage":false,"resp":0}
[17:14:25]   [验证码状态] 等待中 → {"iframe":false,"wrapper":false,"stage":false,"resp":0}
[17:14:34] Turnstile 验证失败！
[17:14:34]   [页面状态 失败时] {"url":"https://free.freezehost.pro/earn","title":"AFK Coins - FreezeHost","text":"SG-02 & US-01 will be removed on 01-09-2026! To keep data, create a ticket to transfer the server to an NL node. If you are not on sg or us when a ticket is created, you will get a warn. Acknowledge FreezeHost CLOUD INFRASTRUCTURE @shuijing1802 DEFAULT 10 COINS Dashboard Manage your account and resources securely. Upgrade to Premium High performance hardware, 99.9% uptime, no hibernating, and no r","iframes":["https://googleads.g.doubleclick.net/pagead/ads?gdpr=0&client=ca-pub-4580579291403697&outpu","about:blank","about:blank","about:blank","googlefcPresent","https://www.google.com/recaptcha/api2/aframe","htt
[17:14:34] 失败截图已保存: /tmp/fh_fail_0_7.png
[17:14:34] 验证码未通过且按钮不存在/已关闭 RUSH，本 session 判失败
[17:14:34] Session #7 失败（连续失败 1 次）
[17:14:34] 20 秒后重试…
[17:14:59] 
[17:14:59] === Session #8（浏览器实例 4）===
[17:14:59] 加载 /earn…
[17:15:20] 反广告拦截绕过已注入
[17:15:20]   [页面状态 earn加载后] {"url":"https://free.freezehost.pro/earn","title":"AFK Coins - FreezeHost","text":"SG-02 & US-01 will be removed on 01-09-2026! To keep data, create a ticket to transfer the server to an NL node. If you are not on sg or us when a ticket is created, you will get a warn. Acknowledge FreezeHost CLOUD INFRASTRUCTURE @shuijing1802 DEFAULT 10 COINS Dashboard Manage your account and resources securely. Upgrade to Premium High performance hardware, 99.9% uptime, no hibernating, and no r","iframes":["googlefcPresent","https://googleads.g.doubleclick.net/pagead/ads?gdpr=0&client=ca-pub-4580579291403697&outpu","about:blank","about:blank","about:blank","https://www.google.com/recaptcha/api2/aframe","htt
[17:15:20] 等待 Turnstile（最多 150s）…
[17:15:20]   [验证码状态] 静置中 → {"iframe":false,"wrapper":false,"stage":false,"resp":0}
[17:15:30]   [验证码状态] 静置中 → {"iframe":false,"wrapper":false,"stage":false,"resp":0}
[17:15:40]   [验证码状态] 静置中 → {"iframe":false,"wrapper":false,"stage":false,"resp":0}
[17:15:46] 静置 25s 未通过，开始按需精准点击（最多 3 次、间隔 18s）
[17:15:46] 已达到最大运行时长
[17:15:47] 运行结束！
