[17:27:52] ========================================================
[17:27:52] FreezeHost AFK 修复版 v2.3 - 实例 #0
[17:27:52] Token: NDIxODYxND...7Fit0
[17:27:52] 代理顺序: ['direct', 'warp'] TRY_SOLVE=False RUSH_AFK_ON_FAIL=True UC_CDP=False
[17:27:52] ========================================================
[17:27:52] 启动浏览器…（代理: 直连，实例 1/8）
[17:27:54] 打开 FreezeHost…
[17:28:10] 已确认服务条款
[17:28:12] 注入 Token…
[17:28:12] 刷新页面等待 OAuth 回调…
[17:28:20] 当前地址: https://free.freezehost.pro/dashboard
[17:28:20] 登录 OK！
[17:28:20] 
[17:28:20] === Session #1（浏览器实例 1）===
[17:28:20] 加载 /earn…
[17:28:41] 反广告拦截绕过已注入
[17:28:41]   [页面状态 earn加载后] {"url":"https://free.freezehost.pro/earn","title":"AFK Coins - FreezeHost","text":"SG-02 & US-01 will be removed on 01-09-2026! To keep data, create a ticket to transfer the server to an NL node. If you are not on sg or us when a ticket is created, you will get a warn. Acknowledge FreezeHost CLOUD INFRASTRUCTURE @shuijing1802 DEFAULT 10 COINS Dashboard Manage your account and resources securely. Upgrade to Premium High performance hardware, 99.9% uptime, no hibernating, and no renewal starting at $0.75/GB. Upgrade Now CPU ALLOCATION 0% OF 200% TOTAL 0% MEMORY USAGE 0MB OF 2048MB TOTAL 0% STORAGE 0MB OF 10240MB TOTAL 0% DATABASES 0 OF 0 TOTAL 0% ACTIVE SERVERS 0 OF 1 TOTAL 0% AVAILABLE BALANCE 10 GLOBAL CURRENCY Discover more Scripting Languages Software Internet & Telecom Rate Us AFK Earn KEEP THIS PAGE OPEN TO EARN FREE COINS AUTOMATICALLY Active Session VERIFY YOU ARE HUMAN TO START EARNING COINS HOLD TO START MAX SESSION: 20 MINUTES 1 COIN ADDED EVERY 60 SECONDS NEX","iframes":["https://googleads.g.doubleclick.net/pagead/ads?client=ca-pub-4580579291403697&output=html&adk=1812271804&adf=3025194257&","googlefcPresent","about:blank","about:blank","about:blank","https://www.google.com/recaptcha/api2/aframe","https://googleads.g.doubleclick.net/pagead/html/r20260825/r20190131/zrt_lookup_fy2021.html","https://googleads.g.doubleclick.net/pagead/ads?gdpr=0&client=ca-pub-4580579291403697&output=html&h=973&hl=en-US&adk=2936"],"start_afk":false,"login_btn":false,"cf":true,"adb":true,"adb_active":false,"adb_flag":false,"ws":-1,"buttons":["Acknowledge|#|.px-5 py-2 bg-black/20 hover:bg-black/40 ","?|#mobile-menu-toggle|.lg:hidden w-11 h-11 flex items-center ju","Rate Us|#permanent-rate-button|.fixed bottom-6 right-6 z-40 bg-blue-600 ","Write a Review|#|.group w-full bg-blue-600 hover:bg-blue-7","Maybe Later|#|.w-full bg-gray-800/30 hover:bg-gray-800/","No Thanks|#|.w-full bg-transparent hover:bg-red-500/5","HOLD TO START|#afk-action-trigger|.relative overflow-hidden bg-blue-600 hov","Check Again & Unlock Site|#fh-adblock-check-btn|.w-full bg-gradient-to-r from-red-600 to-","Reload Page|#|.w-full bg-white/5 hover:bg-white/10 text","View a short ad Site-wide access for 24 |#
[17:28:41] 已点击公告/consent 控制: BUTTON:Acknowledge
[17:28:45]   [页面状态 点ack后] {"url":"https://free.freezehost.pro/earn","title":"AFK Coins - FreezeHost","text":"FreezeHost CLOUD INFRASTRUCTURE @shuijing1802 DEFAULT 10 COINS Dashboard Manage your account and resources securely. Upgrade to Premium High performance hardware, 99.9% uptime, no hibernating, and no renewal starting at $0.75/GB. Upgrade Now CPU ALLOCATION 0% OF 200% TOTAL 0% MEMORY USAGE 0MB OF 2048MB TOTAL 0% STORAGE 0MB OF 10240MB TOTAL 0% DATABASES 0 OF 0 TOTAL 0% ACTIVE SERVERS 0 OF 1 TOTAL 0% AVAILABLE BALANCE 10 GLOBAL CURRENCY Discover more Scripting Languages Software Internet & Telecom Rate Us AFK Earn KEEP THIS PAGE OPEN TO EARN FREE COINS AUTOMATICALLY Active Session VERIFY YOU ARE HUMAN TO START EARNING COINS HOLD TO START MAX SESSION: 20 MINUTES 1 COIN ADDED EVERY 60 SECONDS NEXT COIN IN 60SEC SESSION REMAINING 20:00MIN SESSION EARNED 0 DAILY RESET IN 06h 31m 14s DAILY LIMIT 0 / 1440 COINS (0%) Premium Game Server Hosting Our hosting infrastructure is built for gamers, by g","iframes":["https://googleads.g.doubleclick.net/pagead/ads?client=ca-pub-4580579291403697&output=html&adk=1812271804&adf=3025194257&","googlefcPresent","about:blank","about:blank","about:blank","https://www.google.com/recaptcha/api2/aframe","https://googleads.g.doubleclick.net/pagead/html/r20260825/r20190131/zrt_lookup_fy2021.html","https://googleads.g.doubleclick.net/pagead/ads?gdpr=0&client=ca-pub-4580579291403697&output=html&h=973&hl=en-US&adk=2936"],"start_afk":false,"login_btn":false,"cf":true,"adb":true,"adb_active":false,"adb_flag":false,"ws":-1,"buttons":["?|#mobile-menu-toggle|.lg:hidden w-11 h-11 flex items-center ju","Rate Us|#permanent-rate-button|.fixed bottom-6 right-6 z-40 bg-blue-600 ","Write a Review|#|.group w-full bg-blue-600 hover:bg-blue-7","Maybe Later|#|.w-full bg-gray-800/30 hover:bg-gray-800/","No Thanks|#|.w-full bg-transparent hover:bg-red-500/5","HOLD TO START|#afk-action-trigger|.relative overflow-hidden bg-blue-600 hov","Check Again & Unlock Site|#fh-adblock-check-btn|.w-full bg-gradient-to-r from-red-600 to-","Reload Page|#|.w-full bg-white/5 hover:bg-white/10 text","View a short ad Site-wide access for 24 |#|.fc-list-item-button   fc-rewarded-ad-but"],"links":["Das
[17:28:45] 等待 Turnstile（最多 150s）…
[17:28:45]   [验证码状态] 静置中 → {"iframe":false,"wrapper":false,"stage":false,"resp":0}
[17:28:56]   [验证码状态] 静置中 → {"iframe":false,"wrapper":false,"stage":false,"resp":0}
[17:29:06]   [验证码状态] 静置中 → {"iframe":false,"wrapper":false,"stage":false,"resp":0}
[17:29:12] 静置 25s 未通过，开始按需精准点击（最多 3 次、间隔 18s）
[17:29:15] Turnstile 点击未生效
[17:29:18]   [验证码状态] 等待中 → {"iframe":false,"wrapper":false,"stage":false,"resp":0}
[17:29:33] Turnstile 点击未生效
[17:29:33]   [验证码状态] 等待中 → {"iframe":false,"wrapper":false,"stage":false,"resp":0}
[17:29:45]   [验证码状态] 等待中 → {"iframe":false,"wrapper":false,"stage":false,"resp":0}
[17:29:51] Turnstile 点击未生效
[17:29:57]   [验证码状态] 等待中 → {"iframe":false,"wrapper":false,"stage":false,"resp":0}
[17:30:09]   [验证码状态] 等待中 → {"iframe":false,"wrapper":false,"stage":false,"resp":0}
[17:30:21]   [验证码状态] 等待中 → {"iframe":false,"wrapper":false,"stage":false,"resp":0}
[17:30:33]   [验证码状态] 等待中 → {"iframe":false,"wrapper":false,"stage":false,"resp":0}
[17:30:45]   [验证码状态] 等待中 → {"iframe":false,"wrapper":false,"stage":false,"resp":0}
[17:30:58]   [验证码状态] 等待中 → {"iframe":false,"wrapper":false,"stage":false,"resp":0}
[17:31:10]   [验证码状态] 等待中 → {"iframe":false,"wrapper":false,"stage":false,"resp":0}
[17:31:16] Turnstile 验证失败！
[17:31:16]   [页面状态 失败时] {"url":"https://free.freezehost.pro/earn","title":"AFK Coins - FreezeHost","text":"FreezeHost CLOUD INFRASTRUCTURE @shuijing1802 DEFAULT 10 COINS Dashboard Manage your account and resources securely. Upgrade to Premium High performance hardware, 99.9% uptime, no hibernating, and no renewal starting at $0.75/GB. Upgrade Now CPU ALLOCATION 0% OF 200% TOTAL 0% MEMORY USAGE 0MB OF 2048MB TOTAL 0% STORAGE 0MB OF 10240MB TOTAL 0% DATABASES 0 OF 0 TOTAL 0% ACTIVE SERVERS 0 OF 1 TOTAL 0% AVAILABLE BALANCE 10 GLOBAL CURRENCY Discover more Scripting Languages Software Internet & Telecom Rate Us AFK Earn KEEP THIS PAGE OPEN TO EARN FREE COINS AUTOMATICALLY Active Session VERIFY YOU ARE HUMAN TO START EARNING COINS HOLD TO START MAX SESSION: 20 MINUTES 1 COIN ADDED EVERY 60 SECONDS NEXT COIN IN 60SEC SESSION REMAINING 20:00MIN SESSION EARNED 0 DAILY RESET IN 06h 28m 43s DAILY LIMIT 0 / 1440 COINS (0%) Premium Game Server Hosting Our hosting infrastructure is built for gamers, by g","iframes":["https://googleads.g.doubleclick.net/pagead/ads?client=ca-pub-4580579291403697&output=html&adk=1812271804&adf=3025194257&","googlefcPresent","about:blank","about:blank","about:blank","https://www.google.com/recaptcha/api2/aframe","https://googleads.g.doubleclick.net/pagead/html/r20260825/r20190131/zrt_lookup_fy2021.html","https://googleads.g.doubleclick.net/pagead/ads?gdpr=0&client=ca-pub-4580579291403697&output=html&h=973&hl=en-US&adk=2936"],"start_afk":false,"login_btn":false,"cf":true,"adb":true,"adb_active":false,"adb_flag":false,"ws":-1,"buttons":["?|#mobile-menu-toggle|.lg:hidden w-11 h-11 flex items-center ju","Rate Us|#permanent-rate-button|.fixed bottom-6 right-6 z-40 bg-blue-600 ","Write a Review|#|.group w-full bg-blue-600 hover:bg-blue-7","Maybe Later|#|.w-full bg-gray-800/30 hover:bg-gray-800/","No Thanks|#|.w-full bg-transparent hover:bg-red-500/5","HOLD TO START|#afk-action-trigger|.relative overflow-hidden bg-blue-600 hov","Check Again & Unlock Site|#fh-adblock-check-btn|.w-full bg-gradient-to-r from-red-600 to-","Reload Page|#|.w-full bg-white/5 hover:bg-white/10 text","View a short ad Site-wide access for 24 |#|.fc-list-item-button   fc-rewarded-ad-but"],"links":["Das
[17:31:16] 失败截图已保存: /tmp/fh_fail_0_1.png
[17:31:16] 验证码未通过且按钮不存在/已关闭 RUSH，本 session 判失败
[17:31:16] Session #1 失败（连续失败 1 次）
[17:31:16] 20 秒后重试…
[17:31:41] 
[17:31:41] === Session #2（浏览器实例 1）===
[17:31:41] 加载 /earn…
[17:32:02] 反广告拦截绕过已注入
[17:32:02]   [页面状态 earn加载后] {"url":"https://free.freezehost.pro/earn","title":"AFK Coins - FreezeHost","text":"FreezeHost CLOUD INFRASTRUCTURE @shuijing1802 DEFAULT 10 COINS Dashboard Manage your account and resources securely. Upgrade to Premium High performance hardware, 99.9% uptime, no hibernating, and no renewal starting at $0.75/GB. Upgrade Now CPU ALLOCATION 0% OF 200% TOTAL 0% MEMORY USAGE 0MB OF 2048MB TOTAL 0% STORAGE 0MB OF 10240MB TOTAL 0% DATABASES 0 OF 0 TOTAL 0% ACTIVE SERVERS 0 OF 1 TOTAL 0% AVAILABLE BALANCE 10 GLOBAL CURRENCY Discover more Licensing SaaS Tools Automating With Scripts Discord Integration Service Rate Us AFK Earn KEEP THIS PAGE OPEN TO EARN FREE COINS AUTOMATICALLY Active Session VERIFY YOU ARE HUMAN TO START EARNING COINS HOLD TO START MAX SESSION: 20 MINUTES 1 COIN ADDED EVERY 60 SECONDS NEXT COIN IN 60SEC SESSION REMAINING 20:00MIN SESSION EARNED 0 DAILY RESET IN 06h 27m 57s DAILY LIMIT 0 / 1440 COINS (0%) Premium Game Server Hosting Our hosting infrastructure ","iframes":["googlefcPresent","https://googleads.g.doubleclick.net/pagead/ads?gdpr=0&client=ca-pub-4580579291403697&output=html&adk=1812271804&adf=1573","about:blank","about:blank","about:blank","https://www.google.com/recaptcha/api2/aframe","https://googleads.g.doubleclick.net/pagead/html/r20260825/r20190131/zrt_lookup_fy2021.html","https://googleads.g.doubleclick.net/pagead/ads?gdpr=0&client=ca-pub-4580579291403697&output=html&h=973&hl=en-US&adk=2936"],"start_afk":false,"login_btn":false,"cf":true,"adb":true,"adb_active":false,"adb_flag":false,"ws":-1,"buttons":["?|#mobile-menu-toggle|.lg:hidden w-11 h-11 flex items-center ju","Rate Us|#permanent-rate-button|.fixed bottom-6 right-6 z-40 bg-blue-600 ","Write a Review|#|.group w-full bg-blue-600 hover:bg-blue-7","Maybe Later|#|.w-full bg-gray-800/30 hover:bg-gray-800/","No Thanks|#|.w-full bg-transparent hover:bg-red-500/5","HOLD TO START|#afk-action-trigger|.relative overflow-hidden bg-blue-600 hov","Check Again & Unlock Site|#fh-adblock-check-btn|.w-full bg-gradient-to-r from-red-600 to-","Reload Page|#|.w-full bg-white/5 hover:bg-white/10 text","View a short ad Site-wide access for 24 |#|.fc-list-item-button   fc-rewarded-ad-but"],"links":["Das
[17:32:02] 等待 Turnstile（最多 150s）…
[17:32:02]   [验证码状态] 静置中 → {"iframe":false,"wrapper":false,"stage":false,"resp":0}
[17:32:12]   [验证码状态] 静置中 → {"iframe":false,"wrapper":false,"stage":false,"resp":0}
[17:32:22]   [验证码状态] 静置中 → {"iframe":false,"wrapper":false,"stage":false,"resp":0}
[17:32:28] 静置 25s 未通过，开始按需精准点击（最多 3 次、间隔 18s）
[17:32:31] Turnstile 点击未生效
[17:32:35]   [验证码状态] 等待中 → {"iframe":false,"wrapper":false,"stage":false,"resp":0}
[17:32:50] Turnstile 点击未生效
[17:32:50]   [验证码状态] 等待中 → {"iframe":false,"wrapper":false,"stage":false,"resp":0}
[17:33:02]   [验证码状态] 等待中 → {"iframe":false,"wrapper":false,"stage":false,"resp":0}
[17:33:08] Turnstile 点击未生效
[17:33:14]   [验证码状态] 等待中 → {"iframe":false,"wrapper":false,"stage":false,"resp":0}
[17:33:26]   [验证码状态] 等待中 → {"iframe":false,"wrapper":false,"stage":false,"resp":0}
[17:33:38]   [验证码状态] 等待中 → {"iframe":false,"wrapper":false,"stage":false,"resp":0}
[17:33:50]   [验证码状态] 等待中 → {"iframe":false,"wrapper":false,"stage":false,"resp":0}
[17:34:02]   [验证码状态] 等待中 → {"iframe":false,"wrapper":false,"stage":false,"resp":0}
[17:34:14]   [验证码状态] 等待中 → {"iframe":false,"wrapper":false,"stage":false,"resp":0}
[17:34:26]   [验证码状态] 等待中 → {"iframe":false,"wrapper":false,"stage":false,"resp":0}
[17:34:35] Turnstile 验证失败！
[17:34:35]   [页面状态 失败时] {"url":"https://free.freezehost.pro/earn","title":"AFK Coins - FreezeHost","text":"FreezeHost CLOUD INFRASTRUCTURE @shuijing1802 DEFAULT 10 COINS Dashboard Manage your account and resources securely. Upgrade to Premium High performance hardware, 99.9% uptime, no hibernating, and no renewal starting at $0.75/GB. Upgrade Now CPU ALLOCATION 0% OF 200% TOTAL 0% MEMORY USAGE 0MB OF 2048MB TOTAL 0% STORAGE 0MB OF 10240MB TOTAL 0% DATABASES 0 OF 0 TOTAL 0% ACTIVE SERVERS 0 OF 1 TOTAL 0% AVAILABLE BALANCE 10 GLOBAL CURRENCY Discover more Licensing SaaS Tools Automating With Scripts Discord Integration Service Rate Us AFK Earn KEEP THIS PAGE OPEN TO EARN FREE COINS AUTOMATICALLY Active Session VERIFY YOU ARE HUMAN TO START EARNING COINS HOLD TO START MAX SESSION: 20 MINUTES 1 COIN ADDED EVERY 60 SECONDS NEXT COIN IN 60SEC SESSION REMAINING 20:00MIN SESSION EARNED 0 DAILY RESET IN 06h 25m 24s DAILY LIMIT 0 / 1440 COINS (0%) Premium Game Server Hosting Our hosting infrastructure ","iframes":["googlefcPresent","https://googleads.g.doubleclick.net/pagead/ads?gdpr=0&client=ca-pub-4580579291403697&output=html&adk=1812271804&adf=1573","about:blank","about:blank","about:blank","https://www.google.com/recaptcha/api2/aframe","https://googleads.g.doubleclick.net/pagead/html/r20260825/r20190131/zrt_lookup_fy2021.html","https://googleads.g.doubleclick.net/pagead/ads?gdpr=0&client=ca-pub-4580579291403697&output=html&h=973&hl=en-US&adk=2936"],"start_afk":false,"login_btn":false,"cf":true,"adb":true,"adb_active":false,"adb_flag":false,"ws":-1,"buttons":["?|#mobile-menu-toggle|.lg:hidden w-11 h-11 flex items-center ju","Rate Us|#permanent-rate-button|.fixed bottom-6 right-6 z-40 bg-blue-600 ","Write a Review|#|.group w-full bg-blue-600 hover:bg-blue-7","Maybe Later|#|.w-full bg-gray-800/30 hover:bg-gray-800/","No Thanks|#|.w-full bg-transparent hover:bg-red-500/5","HOLD TO START|#afk-action-trigger|.relative overflow-hidden bg-blue-600 hov","Check Again & Unlock Site|#fh-adblock-check-btn|.w-full bg-gradient-to-r from-red-600 to-","Reload Page|#|.w-full bg-white/5 hover:bg-white/10 text","View a short ad Site-wide access for 24 |#|.fc-list-item-button   fc-rewarded-ad-but"],"links":["Das
[17:34:35] 失败截图已保存: /tmp/fh_fail_0_2.png
[17:34:35] 验证码未通过且按钮不存在/已关闭 RUSH，本 session 判失败
[17:34:35] Session #2 失败（连续失败 2 次）
[17:34:35] 连续 2 次失败 → 代理切换: 直连 -> socks5://127.0.0.1:40000
[17:34:35] 浏览器重建 1/8（代理切换: 直连 -> socks5://127.0.0.1:40000）…
[17:34:43] 启动浏览器…（代理: socks5://127.0.0.1:40000，实例 2/8）
[17:34:44] 打开 FreezeHost…
[17:35:09] 无服务条款弹窗
[17:35:11] 当前地址: https://free.freezehost.pro/
[17:35:11] 登录 OK！
[17:35:11] 
[17:35:11] === Session #3（浏览器实例 2）===
[17:35:11] 加载 /earn…
[17:35:32] 反广告拦截绕过已注入
[17:35:32]   [页面状态 earn加载后] {"url":"chrome-error://chromewebdata/","title":"free.freezehost.pro","text":"No internet There is something wrong with the proxy server, or the address is incorrect. Try: Contacting the system admin Checking the proxy address ERR_PROXY_CONNECTION_FAILED Details","iframes":[],"start_afk":false,"login_btn":false,"cf":false,"adb":false,"adb_active":false,"adb_flag":false,"ws":-1,"buttons":["Details|#details-button|.secondary-button text-button\n           "],"links":["Checking the proxy addres|#buttons"]}
[17:35:32] 代理连接失败（chrome-error 页）→ 本轮判代理死亡
[17:35:32] 代理连接失败 → 代理失效: socks5://127.0.0.1:40000 -> 直连
[17:35:33] 浏览器重建 2/8（代理失效: socks5://127.0.0.1:40000 -> 直连）…
[17:35:41] 启动浏览器…（代理: 直连，实例 3/8）
[17:35:42] 打开 FreezeHost…
[17:35:58] 已确认服务条款
[17:36:00] 注入 Token…
[17:36:00] 刷新页面等待 OAuth 回调…
[17:36:08] 当前地址: https://free.freezehost.pro/dashboard
[17:36:08] 登录 OK！
[17:36:08] 
[17:36:08] === Session #4（浏览器实例 3）===
[17:36:08] 加载 /earn…
[17:36:30] 反广告拦截绕过已注入
[17:36:30]   [页面状态 earn加载后] {"url":"https://free.freezehost.pro/earn","title":"AFK Coins - FreezeHost","text":"SG-02 & US-01 will be removed on 01-09-2026! To keep data, create a ticket to transfer the server to an NL node. If you are not on sg or us when a ticket is created, you will get a warn. Acknowledge FreezeHost CLOUD INFRASTRUCTURE @shuijing1802 DEFAULT 10 COINS Dashboard Manage your account and resources securely. Upgrade to Premium High performance hardware, 99.9% uptime, no hibernating, and no renewal starting at $0.75/GB. Upgrade Now CPU ALLOCATION 0% OF 200% TOTAL 0% MEMORY USAGE 0MB OF 2048MB TOTAL 0% STORAGE 0MB OF 10240MB TOTAL 0% DATABASES 0 OF 0 TOTAL 0% ACTIVE SERVERS 0 OF 1 TOTAL 0% AVAILABLE BALANCE 10 GLOBAL CURRENCY Discover more Licensing SaaS Tools Automating With Scripts Customer Support Services Rate Us AFK Earn KEEP THIS PAGE OPEN TO EARN FREE COINS AUTOMATICALLY Active Session VERIFY YOU ARE HUMAN TO START EARNING COINS HOLD TO START MAX SESSION: 20 MINUTES 1 COIN ADD","iframes":["https://googleads.g.doubleclick.net/pagead/ads?gdpr=0&client=ca-pub-4580579291403697&output=html&adk=1812271804&adf=3025","googlefcPresent","about:blank","about:blank","about:blank","https://www.google.com/recaptcha/api2/aframe","https://googleads.g.doubleclick.net/pagead/html/r20260825/r20190131/zrt_lookup_fy2021.html","https://googleads.g.doubleclick.net/pagead/ads?gdpr=0&client=ca-pub-4580579291403697&output=html&h=973&hl=en-US&adk=2936"],"start_afk":false,"login_btn":false,"cf":true,"adb":true,"adb_active":false,"adb_flag":false,"ws":-1,"buttons":["Acknowledge|#|.px-5 py-2 bg-black/20 hover:bg-black/40 ","?|#mobile-menu-toggle|.lg:hidden w-11 h-11 flex items-center ju","Rate Us|#permanent-rate-button|.fixed bottom-6 right-6 z-40 bg-blue-600 ","Write a Review|#|.group w-full bg-blue-600 hover:bg-blue-7","Maybe Later|#|.w-full bg-gray-800/30 hover:bg-gray-800/","No Thanks|#|.w-full bg-transparent hover:bg-red-500/5","HOLD TO START|#afk-action-trigger|.relative overflow-hidden bg-blue-600 hov","Check Again & Unlock Site|#fh-adblock-check-btn|.w-full bg-gradient-to-r from-red-600 to-","Reload Page|#|.w-full bg-white/5 hover:bg-white/10 text","View a short ad Site-wide access for 24 |#
[17:36:30] 已点击公告/consent 控制: BUTTON:Acknowledge
[17:36:34]   [页面状态 点ack后] {"url":"https://free.freezehost.pro/earn","title":"AFK Coins - FreezeHost","text":"FreezeHost CLOUD INFRASTRUCTURE @shuijing1802 DEFAULT 10 COINS Dashboard Manage your account and resources securely. Upgrade to Premium High performance hardware, 99.9% uptime, no hibernating, and no renewal starting at $0.75/GB. Upgrade Now CPU ALLOCATION 0% OF 200% TOTAL 0% MEMORY USAGE 0MB OF 2048MB TOTAL 0% STORAGE 0MB OF 10240MB TOTAL 0% DATABASES 0 OF 0 TOTAL 0% ACTIVE SERVERS 0 OF 1 TOTAL 0% AVAILABLE BALANCE 10 GLOBAL CURRENCY Discover more Licensing SaaS Tools Automating With Scripts Customer Support Services Rate Us AFK Earn KEEP THIS PAGE OPEN TO EARN FREE COINS AUTOMATICALLY Active Session VERIFY YOU ARE HUMAN TO START EARNING COINS HOLD TO START MAX SESSION: 20 MINUTES 1 COIN ADDED EVERY 60 SECONDS NEXT COIN IN 60SEC SESSION REMAINING 20:00MIN SESSION EARNED 0 DAILY RESET IN 06h 23m 26s DAILY LIMIT 0 / 1440 COINS (0%) Premium Game Server Hosting Our hosting infrastructure is","iframes":["https://googleads.g.doubleclick.net/pagead/ads?gdpr=0&client=ca-pub-4580579291403697&output=html&adk=1812271804&adf=3025","googlefcPresent","about:blank","about:blank","about:blank","https://www.google.com/recaptcha/api2/aframe","https://googleads.g.doubleclick.net/pagead/html/r20260825/r20190131/zrt_lookup_fy2021.html","https://googleads.g.doubleclick.net/pagead/ads?gdpr=0&client=ca-pub-4580579291403697&output=html&h=973&hl=en-US&adk=2936"],"start_afk":false,"login_btn":false,"cf":true,"adb":true,"adb_active":false,"adb_flag":false,"ws":-1,"buttons":["?|#mobile-menu-toggle|.lg:hidden w-11 h-11 flex items-center ju","Rate Us|#permanent-rate-button|.fixed bottom-6 right-6 z-40 bg-blue-600 ","Write a Review|#|.group w-full bg-blue-600 hover:bg-blue-7","Maybe Later|#|.w-full bg-gray-800/30 hover:bg-gray-800/","No Thanks|#|.w-full bg-transparent hover:bg-red-500/5","HOLD TO START|#afk-action-trigger|.relative overflow-hidden bg-blue-600 hov","Check Again & Unlock Site|#fh-adblock-check-btn|.w-full bg-gradient-to-r from-red-600 to-","Reload Page|#|.w-full bg-white/5 hover:bg-white/10 text","View a short ad Site-wide access for 24 |#|.fc-list-item-button   fc-rewarded-ad-but"],"links":["Das
[17:36:34] 等待 Turnstile（最多 150s）…
[17:36:34]   [验证码状态] 静置中 → {"iframe":false,"wrapper":false,"stage":false,"resp":0}
[17:36:44]   [验证码状态] 静置中 → {"iframe":false,"wrapper":false,"stage":false,"resp":0}
[17:36:54]   [验证码状态] 静置中 → {"iframe":false,"wrapper":false,"stage":false,"resp":0}
[17:37:00] 静置 25s 未通过，开始按需精准点击（最多 3 次、间隔 18s）
[17:37:03] Turnstile 点击未生效
[17:37:06]   [验证码状态] 等待中 → {"iframe":false,"wrapper":false,"stage":false,"resp":0}
[17:37:21] Turnstile 点击未生效
[17:37:21]   [验证码状态] 等待中 → {"iframe":false,"wrapper":false,"stage":false,"resp":0}
[17:37:33]   [验证码状态] 等待中 → {"iframe":false,"wrapper":false,"stage":false,"resp":0}
[17:37:39] Turnstile 点击未生效
[17:37:45]   [验证码状态] 等待中 → {"iframe":false,"wrapper":false,"stage":false,"resp":0}
[17:37:57]   [验证码状态] 等待中 → {"iframe":false,"wrapper":false,"stage":false,"resp":0}
[17:38:09]   [验证码状态] 等待中 → {"iframe":false,"wrapper":false,"stage":false,"resp":0}
[17:38:21]   [验证码状态] 等待中 → {"iframe":false,"wrapper":false,"stage":false,"resp":0}
[17:38:33]   [验证码状态] 等待中 → {"iframe":false,"wrapper":false,"stage":false,"resp":0}
[17:38:45]   [验证码状态] 等待中 → {"iframe":false,"wrapper":false,"stage":false,"resp":0}
[17:38:57]   [验证码状态] 等待中 → {"iframe":false,"wrapper":false,"stage":false,"resp":0}
[17:39:06] Turnstile 验证失败！
[17:39:06]   [页面状态 失败时] {"url":"https://free.freezehost.pro/earn","title":"AFK Coins - FreezeHost","text":"FreezeHost CLOUD INFRASTRUCTURE @shuijing1802 DEFAULT 10 COINS Dashboard Manage your account and resources securely. Upgrade to Premium High performance hardware, 99.9% uptime, no hibernating, and no renewal starting at $0.75/GB. Upgrade Now CPU ALLOCATION 0% OF 200% TOTAL 0% MEMORY USAGE 0MB OF 2048MB TOTAL 0% STORAGE 0MB OF 10240MB TOTAL 0% DATABASES 0 OF 0 TOTAL 0% ACTIVE SERVERS 0 OF 1 TOTAL 0% AVAILABLE BALANCE 10 GLOBAL CURRENCY Discover more Licensing SaaS Tools Automating With Scripts Customer Support Services Rate Us AFK Earn KEEP THIS PAGE OPEN TO EARN FREE COINS AUTOMATICALLY Active Session VERIFY YOU ARE HUMAN TO START EARNING COINS HOLD TO START MAX SESSION: 20 MINUTES 1 COIN ADDED EVERY 60 SECONDS NEXT COIN IN 60SEC SESSION REMAINING 20:00MIN SESSION EARNED 0 DAILY RESET IN 06h 20m 53s DAILY LIMIT 0 / 1440 COINS (0%) Premium Game Server Hosting Our hosting infrastructure is","iframes":["https://googleads.g.doubleclick.net/pagead/ads?gdpr=0&client=ca-pub-4580579291403697&output=html&adk=1812271804&adf=3025","googlefcPresent","about:blank","about:blank","about:blank","https://www.google.com/recaptcha/api2/aframe","https://googleads.g.doubleclick.net/pagead/html/r20260825/r20190131/zrt_lookup_fy2021.html","https://googleads.g.doubleclick.net/pagead/ads?gdpr=0&client=ca-pub-4580579291403697&output=html&h=973&hl=en-US&adk=2936"],"start_afk":false,"login_btn":false,"cf":true,"adb":true,"adb_active":false,"adb_flag":false,"ws":-1,"buttons":["?|#mobile-menu-toggle|.lg:hidden w-11 h-11 flex items-center ju","Rate Us|#permanent-rate-button|.fixed bottom-6 right-6 z-40 bg-blue-600 ","Write a Review|#|.group w-full bg-blue-600 hover:bg-blue-7","Maybe Later|#|.w-full bg-gray-800/30 hover:bg-gray-800/","No Thanks|#|.w-full bg-transparent hover:bg-red-500/5","HOLD TO START|#afk-action-trigger|.relative overflow-hidden bg-blue-600 hov","Check Again & Unlock Site|#fh-adblock-check-btn|.w-full bg-gradient-to-r from-red-600 to-","Reload Page|#|.w-full bg-white/5 hover:bg-white/10 text","View a short ad Site-wide access for 24 |#|.fc-list-item-button   fc-rewarded-ad-but"],"links":["Das
[17:39:06] 失败截图已保存: /tmp/fh_fail_0_4.png
[17:39:06] 验证码未通过且按钮不存在/已关闭 RUSH，本 session 判失败
[17:39:06] Session #4 失败（连续失败 1 次）
[17:39:06] 20 秒后重试…
[17:39:31] 
[17:39:31] === Session #5（浏览器实例 3）===
[17:39:31] 加载 /earn…
[17:39:53] 反广告拦截绕过已注入
[17:39:53]   [页面状态 earn加载后] {"url":"https://free.freezehost.pro/earn","title":"AFK Coins - FreezeHost","text":"FreezeHost CLOUD INFRASTRUCTURE @shuijing1802 DEFAULT 10 COINS Dashboard Manage your account and resources securely. Upgrade to Premium High performance hardware, 99.9% uptime, no hibernating, and no renewal starting at $0.75/GB. Upgrade Now CPU ALLOCATION 0% OF 200% TOTAL 0% MEMORY USAGE 0MB OF 2048MB TOTAL 0% STORAGE 0MB OF 10240MB TOTAL 0% DATABASES 0 OF 0 TOTAL 0% ACTIVE SERVERS 0 OF 1 TOTAL 0% AVAILABLE BALANCE 10 GLOBAL CURRENCY Discover more Download Productivity Apps Explore Scripting Courses Switch Broadband Providers Rate Us AFK Earn KEEP THIS PAGE OPEN TO EARN FREE COINS AUTOMATICALLY Active Session VERIFY YOU ARE HUMAN TO START EARNING COINS HOLD TO START MAX SESSION: 20 MINUTES 1 COIN ADDED EVERY 60 SECONDS NEXT COIN IN 60SEC SESSION REMAINING 20:00MIN SESSION EARNED 0 DAILY RESET IN 06h 20m 07s DAILY LIMIT 0 / 1440 COINS (0%) Premium Game Server Hosting Our hosting infrastr","iframes":["googlefcPresent","https://googleads.g.doubleclick.net/pagead/ads?gdpr=0&client=ca-pub-4580579291403697&output=html&adk=1812271804&adf=1573","about:blank","about:blank","about:blank","https://www.google.com/recaptcha/api2/aframe","https://googleads.g.doubleclick.net/pagead/html/r20260825/r20190131/zrt_lookup_fy2021.html","https://googleads.g.doubleclick.net/pagead/ads?gdpr=0&client=ca-pub-4580579291403697&output=html&h=973&hl=en-US&adk=2936"],"start_afk":false,"login_btn":false,"cf":true,"adb":true,"adb_active":false,"adb_flag":false,"ws":-1,"buttons":["?|#mobile-menu-toggle|.lg:hidden w-11 h-11 flex items-center ju","Rate Us|#permanent-rate-button|.fixed bottom-6 right-6 z-40 bg-blue-600 ","Write a Review|#|.group w-full bg-blue-600 hover:bg-blue-7","Maybe Later|#|.w-full bg-gray-800/30 hover:bg-gray-800/","No Thanks|#|.w-full bg-transparent hover:bg-red-500/5","HOLD TO START|#afk-action-trigger|.relative overflow-hidden bg-blue-600 hov","Check Again & Unlock Site|#fh-adblock-check-btn|.w-full bg-gradient-to-r from-red-600 to-","Reload Page|#|.w-full bg-white/5 hover:bg-white/10 text","View a short ad Site-wide access for 24 |#|.fc-list-item-button   fc-rewarded-ad-but"],"links":["Das
[17:39:53] 等待 Turnstile（最多 150s）…
[17:39:53]   [验证码状态] 静置中 → {"iframe":false,"wrapper":false,"stage":false,"resp":0}
[17:40:03]   [验证码状态] 静置中 → {"iframe":false,"wrapper":false,"stage":false,"resp":0}
[17:40:13]   [验证码状态] 静置中 → {"iframe":false,"wrapper":false,"stage":false,"resp":0}
[17:40:19] 静置 25s 未通过，开始按需精准点击（最多 3 次、间隔 18s）
[17:40:22] Turnstile 点击未生效
[17:40:25]   [验证码状态] 等待中 → {"iframe":false,"wrapper":false,"stage":false,"resp":0}
[17:40:40] Turnstile 点击未生效
[17:40:40]   [验证码状态] 等待中 → {"iframe":false,"wrapper":false,"stage":false,"resp":0}
[17:40:52]   [验证码状态] 等待中 → {"iframe":false,"wrapper":false,"stage":false,"resp":0}
[17:40:58] Turnstile 点击未生效
[17:41:04]   [验证码状态] 等待中 → {"iframe":false,"wrapper":false,"stage":false,"resp":0}
[17:41:16]   [验证码状态] 等待中 → {"iframe":false,"wrapper":false,"stage":false,"resp":0}
[17:41:28]   [验证码状态] 等待中 → {"iframe":false,"wrapper":false,"stage":false,"resp":0}
[17:41:40]   [验证码状态] 等待中 → {"iframe":false,"wrapper":false,"stage":false,"resp":0}
[17:41:52]   [验证码状态] 等待中 → {"iframe":false,"wrapper":false,"stage":false,"resp":0}
[17:42:04]   [验证码状态] 等待中 → {"iframe":false,"wrapper":false,"stage":false,"resp":0}
[17:42:16]   [验证码状态] 等待中 → {"iframe":false,"wrapper":false,"stage":false,"resp":0}
[17:42:25] Turnstile 验证失败！
[17:42:25]   [页面状态 失败时] {"url":"https://free.freezehost.pro/earn","title":"AFK Coins - FreezeHost","text":"FreezeHost CLOUD INFRASTRUCTURE @shuijing1802 DEFAULT 10 COINS Dashboard Manage your account and resources securely. Upgrade to Premium High performance hardware, 99.9% uptime, no hibernating, and no renewal starting at $0.75/GB. Upgrade Now CPU ALLOCATION 0% OF 200% TOTAL 0% MEMORY USAGE 0MB OF 2048MB TOTAL 0% STORAGE 0MB OF 10240MB TOTAL 0% DATABASES 0 OF 0 TOTAL 0% ACTIVE SERVERS 0 OF 1 TOTAL 0% AVAILABLE BALANCE 10 GLOBAL CURRENCY Discover more Download Productivity Apps Explore Scripting Courses Switch Broadband Providers Rate Us AFK Earn KEEP THIS PAGE OPEN TO EARN FREE COINS AUTOMATICALLY Active Session VERIFY YOU ARE HUMAN TO START EARNING COINS HOLD TO START MAX SESSION: 20 MINUTES 1 COIN ADDED EVERY 60 SECONDS NEXT COIN IN 60SEC SESSION REMAINING 20:00MIN SESSION EARNED 0 DAILY RESET IN 06h 17m 34s DAILY LIMIT 0 / 1440 COINS (0%) Premium Game Server Hosting Our hosting infrastr","iframes":["googlefcPresent","https://googleads.g.doubleclick.net/pagead/ads?gdpr=0&client=ca-pub-4580579291403697&output=html&adk=1812271804&adf=1573","about:blank","about:blank","about:blank","https://www.google.com/recaptcha/api2/aframe","https://googleads.g.doubleclick.net/pagead/html/r20260825/r20190131/zrt_lookup_fy2021.html","https://googleads.g.doubleclick.net/pagead/ads?gdpr=0&client=ca-pub-4580579291403697&output=html&h=973&hl=en-US&adk=2936"],"start_afk":false,"login_btn":false,"cf":true,"adb":true,"adb_active":false,"adb_flag":false,"ws":-1,"buttons":["?|#mobile-menu-toggle|.lg:hidden w-11 h-11 flex items-center ju","Rate Us|#permanent-rate-button|.fixed bottom-6 right-6 z-40 bg-blue-600 ","Write a Review|#|.group w-full bg-blue-600 hover:bg-blue-7","Maybe Later|#|.w-full bg-gray-800/30 hover:bg-gray-800/","No Thanks|#|.w-full bg-transparent hover:bg-red-500/5","HOLD TO START|#afk-action-trigger|.relative overflow-hidden bg-blue-600 hov","Check Again & Unlock Site|#fh-adblock-check-btn|.w-full bg-gradient-to-r from-red-600 to-","Reload Page|#|.w-full bg-white/5 hover:bg-white/10 text","View a short ad Site-wide access for 24 |#|.fc-list-item-button   fc-rewarded-ad-but"],"links":["Das
[17:42:26] 失败截图已保存: /tmp/fh_fail_0_5.png
[17:42:26] 验证码未通过且按钮不存在/已关闭 RUSH，本 session 判失败
[17:42:26] Session #5 失败（连续失败 2 次）
[17:42:26] 连续 2 次失败 → 代理切换: 直连 -> socks5://127.0.0.1:40000
[17:42:26] 浏览器重建 3/8（代理切换: 直连 -> socks5://127.0.0.1:40000）…
[17:42:34] 启动浏览器…（代理: socks5://127.0.0.1:40000，实例 4/8）
[17:42:35] 打开 FreezeHost…
[17:43:00] 无服务条款弹窗
[17:43:02] 当前地址: https://free.freezehost.pro/
[17:43:02] 登录 OK！
[17:43:02] 
[17:43:02] === Session #6（浏览器实例 4）===
[17:43:02] 加载 /earn…
[17:43:24] 反广告拦截绕过已注入
[17:43:24]   [页面状态 earn加载后] {"url":"chrome-error://chromewebdata/","title":"free.freezehost.pro","text":"No internet There is something wrong with the proxy server, or the address is incorrect. Try: Contacting the system admin Checking the proxy address ERR_PROXY_CONNECTION_FAILED Details","iframes":[],"start_afk":false,"login_btn":false,"cf":false,"adb":false,"adb_active":false,"adb_flag":false,"ws":-1,"buttons":["Details|#details-button|.secondary-button text-button\n           "],"links":["Checking the proxy addres|#buttons"]}
[17:43:24] 代理连接失败（chrome-error 页）→ 本轮判代理死亡
[17:43:24] 代理连接失败 → 代理失效: socks5://127.0.0.1:40000 -> 直连
[17:43:24] 浏览器重建 4/8（代理失效: socks5://127.0.0.1:40000 -> 直连）…
[17:43:32] 启动浏览器…（代理: 直连，实例 5/8）
[17:43:33] 打开 FreezeHost…
[17:43:49] 已确认服务条款
[17:43:51] 注入 Token…
[17:43:51] 刷新页面等待 OAuth 回调…
[17:43:59] 当前地址: https://free.freezehost.pro/dashboard
[17:43:59] 登录 OK！
[17:43:59] 
[17:43:59] === Session #7（浏览器实例 5）===
[17:43:59] 加载 /earn…
[17:44:20] 反广告拦截绕过已注入
[17:44:20]   [页面状态 earn加载后] {"url":"https://free.freezehost.pro/earn","title":"AFK Coins - FreezeHost","text":"SG-02 & US-01 will be removed on 01-09-2026! To keep data, create a ticket to transfer the server to an NL node. If you are not on sg or us when a ticket is created, you will get a warn. Acknowledge FreezeHost CLOUD INFRASTRUCTURE @shuijing1802 DEFAULT 10 COINS Dashboard Manage your account and resources securely. Upgrade to Premium High performance hardware, 99.9% uptime, no hibernating, and no renewal starting at $0.75/GB. Upgrade Now CPU ALLOCATION 0% OF 200% TOTAL 0% MEMORY USAGE 0MB OF 2048MB TOTAL 0% STORAGE 0MB OF 10240MB TOTAL 0% DATABASES 0 OF 0 TOTAL 0% ACTIVE SERVERS 0 OF 1 TOTAL 0% AVAILABLE BALANCE 10 GLOBAL CURRENCY Rate Us AFK Earn KEEP THIS PAGE OPEN TO EARN FREE COINS AUTOMATICALLY Active Session VERIFY YOU ARE HUMAN TO START EARNING COINS HOLD TO START MAX SESSION: 20 MINUTES 1 COIN ADDED EVERY 60 SECONDS NEXT COIN IN 60SEC SESSION REMAINING 20:00MIN SESSION EARNED 0 DA","iframes":["https://googleads.g.doubleclick.net/pagead/ads?gdpr=0&client=ca-pub-4580579291403697&output=html&h=280&slotname=57562123","https://googleads.g.doubleclick.net/pagead/ads?gdpr=0&client=ca-pub-4580579291403697&output=html&adk=1812271804&adf=3025","googlefcPresent","about:blank","about:blank","about:blank","https://googleads.g.doubleclick.net/pagead/ads?gdpr=0&client=ca-pub-4580579291403697&output=html&h=280&adk=1293294250&ad","https://www.google.com/recaptcha/api2/aframe","https://googleads.g.doubleclick.net/pagead/html/r20260825/r20190131/zrt_lookup_fy2021.html","https://googleads.g.doubleclick.net/pagead/ads?gdpr=0&client=ca-pub-4580579291403697&output=html&h=973&hl=en-US&adk=2936"],"start_afk":false,"login_btn":false,"cf":true,"adb":true,"adb_active":false,"adb_flag":false,"ws":-1,"buttons":["Acknowledge|#|.px-5 py-2 bg-black/20 hover:bg-black/40 ","?|#mobile-menu-toggle|.lg:hidden w-11 h-11 flex items-center ju","Rate Us|#permanent-rate-button|.fixed bottom-6 right-6 z-40 bg-blue-600 ","Write a Review|#|.group w-full bg-blue-600 hover:bg-blue-7","Maybe Later|#|.w-full bg-gray-800/30 hover:bg-gray-800/","No Thanks|#|.w-full bg-transparent hover:bg-red-500/5","HOLD TO START|#afk-actio
[17:44:20] 已点击公告/consent 控制: BUTTON:Acknowledge
[17:44:24]   [页面状态 点ack后] {"url":"https://free.freezehost.pro/earn","title":"AFK Coins - FreezeHost","text":"FreezeHost CLOUD INFRASTRUCTURE @shuijing1802 DEFAULT 10 COINS Dashboard Manage your account and resources securely. Upgrade to Premium High performance hardware, 99.9% uptime, no hibernating, and no renewal starting at $0.75/GB. Upgrade Now CPU ALLOCATION 0% OF 200% TOTAL 0% MEMORY USAGE 0MB OF 2048MB TOTAL 0% STORAGE 0MB OF 10240MB TOTAL 0% DATABASES 0 OF 0 TOTAL 0% ACTIVE SERVERS 0 OF 1 TOTAL 0% AVAILABLE BALANCE 10 GLOBAL CURRENCY Rate Us AFK Earn KEEP THIS PAGE OPEN TO EARN FREE COINS AUTOMATICALLY Active Session VERIFY YOU ARE HUMAN TO START EARNING COINS HOLD TO START MAX SESSION: 20 MINUTES 1 COIN ADDED EVERY 60 SECONDS NEXT COIN IN 60SEC SESSION REMAINING 20:00MIN SESSION EARNED 0 DAILY RESET IN 06h 15m 35s DAILY LIMIT 0 / 1440 COINS (0%) Premium Game Server Hosting Our hosting infrastructure is built for gamers, by gamers. We understand the importance of low latency, high perfo","iframes":["https://googleads.g.doubleclick.net/pagead/ads?gdpr=0&client=ca-pub-4580579291403697&output=html&h=280&slotname=57562123","https://googleads.g.doubleclick.net/pagead/ads?gdpr=0&client=ca-pub-4580579291403697&output=html&adk=1812271804&adf=3025","googlefcPresent","about:blank","about:blank","about:blank","https://googleads.g.doubleclick.net/pagead/ads?gdpr=0&client=ca-pub-4580579291403697&output=html&h=280&adk=1293294250&ad","https://www.google.com/recaptcha/api2/aframe","https://googleads.g.doubleclick.net/pagead/html/r20260825/r20190131/zrt_lookup_fy2021.html","https://googleads.g.doubleclick.net/pagead/ads?gdpr=0&client=ca-pub-4580579291403697&output=html&h=973&hl=en-US&adk=2936"],"start_afk":false,"login_btn":false,"cf":true,"adb":true,"adb_active":false,"adb_flag":false,"ws":-1,"buttons":["?|#mobile-menu-toggle|.lg:hidden w-11 h-11 flex items-center ju","Rate Us|#permanent-rate-button|.fixed bottom-6 right-6 z-40 bg-blue-600 ","Write a Review|#|.group w-full bg-blue-600 hover:bg-blue-7","Maybe Later|#|.w-full bg-gray-800/30 hover:bg-gray-800/","No Thanks|#|.w-full bg-transparent hover:bg-red-500/5","HOLD TO START|#afk-action-trigger|.relative overflow-hidden bg-blue-600 hov","Chec
[17:44:24] 等待 Turnstile（最多 150s）…
[17:44:24]   [验证码状态] 静置中 → {"iframe":false,"wrapper":false,"stage":false,"resp":0}
[17:44:34]   [验证码状态] 静置中 → {"iframe":false,"wrapper":false,"stage":false,"resp":0}
[17:44:45]   [验证码状态] 静置中 → {"iframe":false,"wrapper":false,"stage":false,"resp":0}
[17:44:51] 静置 25s 未通过，开始按需精准点击（最多 3 次、间隔 18s）
[17:44:54] Turnstile 点击未生效
[17:44:57]   [验证码状态] 等待中 → {"iframe":false,"wrapper":false,"stage":false,"resp":0}
[17:45:12] Turnstile 点击未生效
[17:45:12]   [验证码状态] 等待中 → {"iframe":false,"wrapper":false,"stage":false,"resp":0}
[17:45:24]   [验证码状态] 等待中 → {"iframe":false,"wrapper":false,"stage":false,"resp":0}
[17:45:30] Turnstile 点击未生效
[17:45:36]   [验证码状态] 等待中 → {"iframe":false,"wrapper":false,"stage":false,"resp":0}
[17:45:48]   [验证码状态] 等待中 → {"iframe":false,"wrapper":false,"stage":false,"resp":0}
[17:46:00]   [验证码状态] 等待中 → {"iframe":false,"wrapper":false,"stage":false,"resp":0}
[17:46:12]   [验证码状态] 等待中 → {"iframe":false,"wrapper":false,"stage":false,"resp":0}
[17:46:24]   [验证码状态] 等待中 → {"iframe":false,"wrapper":false,"stage":false,"resp":0}
[17:46:36]   [验证码状态] 等待中 → {"iframe":false,"wrapper":false,"stage":false,"resp":0}
[17:46:48]   [验证码状态] 等待中 → {"iframe":false,"wrapper":false,"stage":false,"resp":0}
[17:46:57] Turnstile 验证失败！
[17:46:57]   [页面状态 失败时] {"url":"https://free.freezehost.pro/earn","title":"AFK Coins - FreezeHost","text":"FreezeHost CLOUD INFRASTRUCTURE @shuijing1802 DEFAULT 10 COINS Dashboard Manage your account and resources securely. Upgrade to Premium High performance hardware, 99.9% uptime, no hibernating, and no renewal starting at $0.75/GB. Upgrade Now CPU ALLOCATION 0% OF 200% TOTAL 0% MEMORY USAGE 0MB OF 2048MB TOTAL 0% STORAGE 0MB OF 10240MB TOTAL 0% DATABASES 0 OF 0 TOTAL 0% ACTIVE SERVERS 0 OF 1 TOTAL 0% AVAILABLE BALANCE 10 GLOBAL CURRENCY Rate Us AFK Earn KEEP THIS PAGE OPEN TO EARN FREE COINS AUTOMATICALLY Active Session VERIFY YOU ARE HUMAN TO START EARNING COINS HOLD TO START MAX SESSION: 20 MINUTES 1 COIN ADDED EVERY 60 SECONDS NEXT COIN IN 60SEC SESSION REMAINING 20:00MIN SESSION EARNED 0 DAILY RESET IN 06h 13m 03s DAILY LIMIT 0 / 1440 COINS (0%) Premium Game Server Hosting Our hosting infrastructure is built for gamers, by gamers. We understand the importance of low latency, high perfo","iframes":["https://googleads.g.doubleclick.net/pagead/ads?gdpr=0&client=ca-pub-4580579291403697&output=html&h=280&slotname=57562123","https://googleads.g.doubleclick.net/pagead/ads?gdpr=0&client=ca-pub-4580579291403697&output=html&adk=1812271804&adf=3025","googlefcPresent","about:blank","about:blank","about:blank","https://googleads.g.doubleclick.net/pagead/ads?gdpr=0&client=ca-pub-4580579291403697&output=html&h=280&adk=1293294250&ad","https://www.google.com/recaptcha/api2/aframe","https://googleads.g.doubleclick.net/pagead/html/r20260825/r20190131/zrt_lookup_fy2021.html","https://googleads.g.doubleclick.net/pagead/ads?gdpr=0&client=ca-pub-4580579291403697&output=html&h=973&hl=en-US&adk=2936"],"start_afk":false,"login_btn":false,"cf":true,"adb":true,"adb_active":false,"adb_flag":false,"ws":-1,"buttons":["?|#mobile-menu-toggle|.lg:hidden w-11 h-11 flex items-center ju","Rate Us|#permanent-rate-button|.fixed bottom-6 right-6 z-40 bg-blue-600 ","Write a Review|#|.group w-full bg-blue-600 hover:bg-blue-7","Maybe Later|#|.w-full bg-gray-800/30 hover:bg-gray-800/","No Thanks|#|.w-full bg-transparent hover:bg-red-500/5","HOLD TO START|#afk-action-trigger|.relative overflow-hidden bg-blue-600 hov","Chec
[17:46:57] 失败截图已保存: /tmp/fh_fail_0_7.png
[17:46:57] 验证码未通过且按钮不存在/已关闭 RUSH，本 session 判失败
[17:46:57] Session #7 失败（连续失败 1 次）
[17:46:57] 20 秒后重试…
[17:47:22] 
[17:47:22] === Session #8（浏览器实例 5）===
[17:47:22] 加载 /earn…
[17:47:43] 反广告拦截绕过已注入
[17:47:43]   [页面状态 earn加载后] {"url":"https://free.freezehost.pro/earn","title":"AFK Coins - FreezeHost","text":"FreezeHost CLOUD INFRASTRUCTURE @shuijing1802 DEFAULT 10 COINS Dashboard Manage your account and resources securely. Upgrade to Premium High performance hardware, 99.9% uptime, no hibernating, and no renewal starting at $0.75/GB. Upgrade Now CPU ALLOCATION 0% OF 200% TOTAL 0% MEMORY USAGE 0MB OF 2048MB TOTAL 0% STORAGE 0MB OF 10240MB TOTAL 0% DATABASES 0 OF 0 TOTAL 0% ACTIVE SERVERS 0 OF 1 TOTAL 0% AVAILABLE BALANCE 10 GLOBAL CURRENCY Discover more Exploring Automation Scripting Languages Purchasing Business Productivity Software Switching To High-Speed Fiber Internet Rate Us AFK Earn KEEP THIS PAGE OPEN TO EARN FREE COINS AUTOMATICALLY Active Session VERIFY YOU ARE HUMAN TO START EARNING COINS HOLD TO START MAX SESSION: 20 MINUTES 1 COIN ADDED EVERY 60 SECONDS NEXT COIN IN 60SEC SESSION REMAINING 20:00MIN SESSION EARNED 0 DAILY RESET IN 06h 12m 17s DAILY LIMIT 0 / 1440 COINS (0%) Premiu","iframes":["googlefcPresent","https://googleads.g.doubleclick.net/pagead/ads?gdpr=0&client=ca-pub-4580579291403697&output=html&adk=1812271804&adf=1573","about:blank","about:blank","about:blank","https://www.google.com/recaptcha/api2/aframe","https://googleads.g.doubleclick.net/pagead/html/r20260825/r20190131/zrt_lookup_fy2021.html","https://googleads.g.doubleclick.net/pagead/ads?gdpr=0&client=ca-pub-4580579291403697&output=html&h=973&hl=en-US&adk=2936"],"start_afk":false,"login_btn":false,"cf":true,"adb":true,"adb_active":false,"adb_flag":false,"ws":-1,"buttons":["?|#mobile-menu-toggle|.lg:hidden w-11 h-11 flex items-center ju","Rate Us|#permanent-rate-button|.fixed bottom-6 right-6 z-40 bg-blue-600 ","Write a Review|#|.group w-full bg-blue-600 hover:bg-blue-7","Maybe Later|#|.w-full bg-gray-800/30 hover:bg-gray-800/","No Thanks|#|.w-full bg-transparent hover:bg-red-500/5","HOLD TO START|#afk-action-trigger|.relative overflow-hidden bg-blue-600 hov","Check Again & Unlock Site|#fh-adblock-check-btn|.w-full bg-gradient-to-r from-red-600 to-","Reload Page|#|.w-full bg-white/5 hover:bg-white/10 text","View a short ad Site-wide access for 24 |#|.fc-list-item-button   fc-rewarded-ad-but"],"links":["Das
[17:47:43] 等待 Turnstile（最多 150s）…
[17:47:43]   [验证码状态] 静置中 → {"iframe":false,"wrapper":false,"stage":false,"resp":0}
[17:47:53]   [验证码状态] 静置中 → {"iframe":false,"wrapper":false,"stage":false,"resp":0}
[17:48:03]   [验证码状态] 静置中 → {"iframe":false,"wrapper":false,"stage":false,"resp":0}
[17:48:09] 静置 25s 未通过，开始按需精准点击（最多 3 次、间隔 18s）
[17:48:12] Turnstile 点击未生效
[17:48:15]   [验证码状态] 等待中 → {"iframe":false,"wrapper":false,"stage":false,"resp":0}
[17:48:31] Turnstile 点击未生效
[17:48:31]   [验证码状态] 等待中 → {"iframe":false,"wrapper":false,"stage":false,"resp":0}
[17:48:43]   [验证码状态] 等待中 → {"iframe":false,"wrapper":false,"stage":false,"resp":0}
[17:48:49] Turnstile 点击未生效
[17:48:55]   [验证码状态] 等待中 → {"iframe":false,"wrapper":false,"stage":false,"resp":0}
[17:49:07]   [验证码状态] 等待中 → {"iframe":false,"wrapper":false,"stage":false,"resp":0}
[17:49:19]   [验证码状态] 等待中 → {"iframe":false,"wrapper":false,"stage":false,"resp":0}
[17:49:31]   [验证码状态] 等待中 → {"iframe":false,"wrapper":false,"stage":false,"resp":0}
[17:49:43]   [验证码状态] 等待中 → {"iframe":false,"wrapper":false,"stage":false,"resp":0}
[17:49:55]   [验证码状态] 等待中 → {"iframe":false,"wrapper":false,"stage":false,"resp":0}
[17:50:07]   [验证码状态] 等待中 → {"iframe":false,"wrapper":false,"stage":false,"resp":0}
[17:50:16] Turnstile 验证失败！
[17:50:16]   [页面状态 失败时] {"url":"https://free.freezehost.pro/earn","title":"AFK Coins - FreezeHost","text":"FreezeHost CLOUD INFRASTRUCTURE @shuijing1802 DEFAULT 10 COINS Dashboard Manage your account and resources securely. Upgrade to Premium High performance hardware, 99.9% uptime, no hibernating, and no renewal starting at $0.75/GB. Upgrade Now CPU ALLOCATION 0% OF 200% TOTAL 0% MEMORY USAGE 0MB OF 2048MB TOTAL 0% STORAGE 0MB OF 10240MB TOTAL 0% DATABASES 0 OF 0 TOTAL 0% ACTIVE SERVERS 0 OF 1 TOTAL 0% AVAILABLE BALANCE 10 GLOBAL CURRENCY Discover more Exploring Automation Scripting Languages Purchasing Business Productivity Software Switching To High-Speed Fiber Internet Rate Us AFK Earn KEEP THIS PAGE OPEN TO EARN FREE COINS AUTOMATICALLY Active Session VERIFY YOU ARE HUMAN TO START EARNING COINS HOLD TO START MAX SESSION: 20 MINUTES 1 COIN ADDED EVERY 60 SECONDS NEXT COIN IN 60SEC SESSION REMAINING 20:00MIN SESSION EARNED 0 DAILY RESET IN 06h 09m 44s DAILY LIMIT 0 / 1440 COINS (0%) Premiu","iframes":["googlefcPresent","https://googleads.g.doubleclick.net/pagead/ads?gdpr=0&client=ca-pub-4580579291403697&output=html&adk=1812271804&adf=1573","about:blank","about:blank","about:blank","https://www.google.com/recaptcha/api2/aframe","https://googleads.g.doubleclick.net/pagead/html/r20260825/r20190131/zrt_lookup_fy2021.html","https://googleads.g.doubleclick.net/pagead/ads?gdpr=0&client=ca-pub-4580579291403697&output=html&h=973&hl=en-US&adk=2936"],"start_afk":false,"login_btn":false,"cf":true,"adb":true,"adb_active":false,"adb_flag":false,"ws":-1,"buttons":["?|#mobile-menu-toggle|.lg:hidden w-11 h-11 flex items-center ju","Rate Us|#permanent-rate-button|.fixed bottom-6 right-6 z-40 bg-blue-600 ","Write a Review|#|.group w-full bg-blue-600 hover:bg-blue-7","Maybe Later|#|.w-full bg-gray-800/30 hover:bg-gray-800/","No Thanks|#|.w-full bg-transparent hover:bg-red-500/5","HOLD TO START|#afk-action-trigger|.relative overflow-hidden bg-blue-600 hov","Check Again & Unlock Site|#fh-adblock-check-btn|.w-full bg-gradient-to-r from-red-600 to-","Reload Page|#|.w-full bg-white/5 hover:bg-white/10 text","View a short ad Site-wide access for 24 |#|.fc-list-item-button   fc-rewarded-ad-but"],"links":["Das
[17:50:16] 失败截图已保存: /tmp/fh_fail_0_8.png
[17:50:16] 验证码未通过且按钮不存在/已关闭 RUSH，本 session 判失败
[17:50:16] Session #8 失败（连续失败 2 次）
[17:50:16] 连续 2 次失败 → 代理切换: 直连 -> socks5://127.0.0.1:40000
[17:50:17] 浏览器重建 5/8（代理切换: 直连 -> socks5://127.0.0.1:40000）…
[17:50:25] 启动浏览器…（代理: socks5://127.0.0.1:40000，实例 6/8）
[17:50:26] 打开 FreezeHost…
[17:50:51] 无服务条款弹窗
[17:50:53] 当前地址: https://free.freezehost.pro/
[17:50:53] 登录 OK！
[17:50:53] 
[17:50:53] === Session #9（浏览器实例 6）===
[17:50:53] 加载 /earn…
[17:51:14] 反广告拦截绕过已注入
[17:51:14]   [页面状态 earn加载后] {"url":"chrome-error://chromewebdata/","title":"free.freezehost.pro","text":"No internet There is something wrong with the proxy server, or the address is incorrect. Try: Contacting the system admin Checking the proxy address ERR_PROXY_CONNECTION_FAILED Details","iframes":[],"start_afk":false,"login_btn":false,"cf":false,"adb":false,"adb_active":false,"adb_flag":false,"ws":-1,"buttons":["Details|#details-button|.secondary-button text-button\n           "],"links":["Checking the proxy addres|#buttons"]}
[17:51:14] 代理连接失败（chrome-error 页）→ 本轮判代理死亡
[17:51:14] 代理连接失败 → 代理失效: socks5://127.0.0.1:40000 -> 直连
[17:51:15] 浏览器重建 6/8（代理失效: socks5://127.0.0.1:40000 -> 直连）…
[17:51:23] 启动浏览器…（代理: 直连，实例 7/8）
[17:51:24] 打开 FreezeHost…
[17:51:39] 已确认服务条款
[17:51:41] 注入 Token…
[17:51:41] 刷新页面等待 OAuth 回调…
[17:51:50] 当前地址: https://free.freezehost.pro/dashboard
[17:51:50] 登录 OK！
[17:51:50] 
[17:51:50] === Session #10（浏览器实例 7）===
[17:51:50] 加载 /earn…
[17:52:11] 反广告拦截绕过已注入
[17:52:11]   [页面状态 earn加载后] {"url":"https://free.freezehost.pro/earn","title":"AFK Coins - FreezeHost","text":"SG-02 & US-01 will be removed on 01-09-2026! To keep data, create a ticket to transfer the server to an NL node. If you are not on sg or us when a ticket is created, you will get a warn. Acknowledge FreezeHost CLOUD INFRASTRUCTURE @shuijing1802 DEFAULT 10 COINS Dashboard Manage your account and resources securely. Upgrade to Premium High performance hardware, 99.9% uptime, no hibernating, and no renewal starting at $0.75/GB. Upgrade Now CPU ALLOCATION 0% OF 200% TOTAL 0% MEMORY USAGE 0MB OF 2048MB TOTAL 0% STORAGE 0MB OF 10240MB TOTAL 0% DATABASES 0 OF 0 TOTAL 0% ACTIVE SERVERS 0 OF 1 TOTAL 0% AVAILABLE BALANCE 10 GLOBAL CURRENCY Discover more Download Productivity Apps Explore Scripting Courses Launch Ad Campaigns Rate Us AFK Earn KEEP THIS PAGE OPEN TO EARN FREE COINS AUTOMATICALLY Active Session VERIFY YOU ARE HUMAN TO START EARNING COINS HOLD TO START MAX SESSION: 20 MINUTES 1 COIN A","iframes":["https://googleads.g.doubleclick.net/pagead/ads?gdpr=0&client=ca-pub-4580579291403697&output=html&adk=1812271804&adf=3025","googlefcPresent","about:blank","about:blank","about:blank","https://www.google.com/recaptcha/api2/aframe","https://googleads.g.doubleclick.net/pagead/html/r20260826/r20190131/zrt_lookup_fy2021.html","https://googleads.g.doubleclick.net/pagead/ads?gdpr=0&client=ca-pub-4580579291403697&output=html&h=973&hl=en-US&adk=2936"],"start_afk":false,"login_btn":false,"cf":false,"adb":true,"adb_active":false,"adb_flag":false,"ws":-1,"buttons":["Acknowledge|#|.px-5 py-2 bg-black/20 hover:bg-black/40 ","?|#mobile-menu-toggle|.lg:hidden w-11 h-11 flex items-center ju","Rate Us|#permanent-rate-button|.fixed bottom-6 right-6 z-40 bg-blue-600 ","Write a Review|#|.group w-full bg-blue-600 hover:bg-blue-7","Maybe Later|#|.w-full bg-gray-800/30 hover:bg-gray-800/","No Thanks|#|.w-full bg-transparent hover:bg-red-500/5","HOLD TO START|#afk-action-trigger|.relative overflow-hidden bg-blue-600 hov","Check Again & Unlock Site|#fh-adblock-check-btn|.w-full bg-gradient-to-r from-red-600 to-","Reload Page|#|.w-full bg-white/5 hover:bg-white/10 text","View a short ad Site-wide access for 24 |
[17:52:11] 已点击公告/consent 控制: BUTTON:Acknowledge
[17:52:15]   [页面状态 点ack后] {"url":"https://free.freezehost.pro/earn","title":"AFK Coins - FreezeHost","text":"FreezeHost CLOUD INFRASTRUCTURE @shuijing1802 DEFAULT 10 COINS Dashboard Manage your account and resources securely. Upgrade to Premium High performance hardware, 99.9% uptime, no hibernating, and no renewal starting at $0.75/GB. Upgrade Now CPU ALLOCATION 0% OF 200% TOTAL 0% MEMORY USAGE 0MB OF 2048MB TOTAL 0% STORAGE 0MB OF 10240MB TOTAL 0% DATABASES 0 OF 0 TOTAL 0% ACTIVE SERVERS 0 OF 1 TOTAL 0% AVAILABLE BALANCE 10 GLOBAL CURRENCY Discover more Download Productivity Apps Explore Scripting Courses Launch Ad Campaigns Rate Us AFK Earn KEEP THIS PAGE OPEN TO EARN FREE COINS AUTOMATICALLY Active Session VERIFY YOU ARE HUMAN TO START EARNING COINS HOLD TO START MAX SESSION: 20 MINUTES 1 COIN ADDED EVERY 60 SECONDS NEXT COIN IN 60SEC SESSION REMAINING 20:00MIN SESSION EARNED 0 DAILY RESET IN 06h 07m 44s DAILY LIMIT 0 / 1440 COINS (0%) Premium Game Server Hosting Our hosting infrastructure ","iframes":["https://googleads.g.doubleclick.net/pagead/ads?gdpr=0&client=ca-pub-4580579291403697&output=html&adk=1812271804&adf=3025","googlefcPresent","about:blank","about:blank","about:blank","https://www.google.com/recaptcha/api2/aframe","https://googleads.g.doubleclick.net/pagead/html/r20260826/r20190131/zrt_lookup_fy2021.html","https://googleads.g.doubleclick.net/pagead/ads?gdpr=0&client=ca-pub-4580579291403697&output=html&h=973&hl=en-US&adk=2936"],"start_afk":false,"login_btn":false,"cf":false,"adb":true,"adb_active":false,"adb_flag":false,"ws":-1,"buttons":["?|#mobile-menu-toggle|.lg:hidden w-11 h-11 flex items-center ju","Rate Us|#permanent-rate-button|.fixed bottom-6 right-6 z-40 bg-blue-600 ","Write a Review|#|.group w-full bg-blue-600 hover:bg-blue-7","Maybe Later|#|.w-full bg-gray-800/30 hover:bg-gray-800/","No Thanks|#|.w-full bg-transparent hover:bg-red-500/5","HOLD TO START|#afk-action-trigger|.relative overflow-hidden bg-blue-600 hov","Check Again & Unlock Site|#fh-adblock-check-btn|.w-full bg-gradient-to-r from-red-600 to-","Reload Page|#|.w-full bg-white/5 hover:bg-white/10 text","View a short ad Site-wide access for 24 |#|.fc-list-item-button   fc-rewarded-ad-but"],"links":["Da
[17:52:15] 等待 Turnstile（最多 150s）…
[17:52:15]   [验证码状态] 静置中 → {"iframe":false,"wrapper":false,"stage":false,"resp":0}
[17:52:25]   [验证码状态] 静置中 → {"iframe":false,"wrapper":false,"stage":false,"resp":0}
[17:52:35]   [验证码状态] 静置中 → {"iframe":false,"wrapper":false,"stage":false,"resp":0}
[17:52:41] 静置 25s 未通过，开始按需精准点击（最多 3 次、间隔 18s）
[17:52:42] Turnstile 点击未生效
[17:52:48]   [验证码状态] 等待中 → {"iframe":false,"wrapper":false,"stage":false,"resp":0}
[17:52:54] 已达到最大运行时长
[17:52:55] 运行结束！
